Component: ARM Compiler 5.06 update 6 (build 750) Tool: armlink [4d35ed]

==============================================================================

Section Cross References

    startup_stm32l431xx.o(RESET) refers to startup_stm32l431xx.o(STACK) for __initial_sp
    startup_stm32l431xx.o(RESET) refers to startup_stm32l431xx.o(.text) for Reset_Handler
    startup_stm32l431xx.o(RESET) refers to stm32l4xx_it.o(i.NMI_Handler) for NMI_Handler
    startup_stm32l431xx.o(RESET) refers to stm32l4xx_it.o(i.HardFault_Handler) for HardFault_Handler
    startup_stm32l431xx.o(RESET) refers to stm32l4xx_it.o(i.MemManage_Handler) for MemManage_Handler
    startup_stm32l431xx.o(RESET) refers to stm32l4xx_it.o(i.BusFault_Handler) for BusFault_Handler
    startup_stm32l431xx.o(RESET) refers to stm32l4xx_it.o(i.UsageFault_Handler) for UsageFault_Handler
    startup_stm32l431xx.o(RESET) refers to stm32l4xx_it.o(i.SVC_Handler) for SVC_Handler
    startup_stm32l431xx.o(RESET) refers to stm32l4xx_it.o(i.DebugMon_Handler) for DebugMon_Handler
    startup_stm32l431xx.o(RESET) refers to stm32l4xx_it.o(i.PendSV_Handler) for PendSV_Handler
    startup_stm32l431xx.o(RESET) refers to stm32l4xx_it.o(i.SysTick_Handler) for SysTick_Handler
    startup_stm32l431xx.o(.text) refers to system_stm32l4xx.o(i.SystemInit) for SystemInit
    startup_stm32l431xx.o(.text) refers to entry.o(.ARM.Collect$$$$00000000) for __main
    main.o(i.SystemClock_Config) refers to stm32l4xx_hal_rcc.o(i.HAL_RCC_OscConfig) for HAL_RCC_OscConfig
    main.o(i.SystemClock_Config) refers to main.o(i._Error_Handler) for _Error_Handler
    main.o(i.SystemClock_Config) refers to stm32l4xx_hal_rcc.o(i.HAL_RCC_ClockConfig) for HAL_RCC_ClockConfig
    main.o(i.SystemClock_Config) refers to stm32l4xx_hal_rcc_ex.o(i.HAL_RCCEx_PeriphCLKConfig) for HAL_RCCEx_PeriphCLKConfig
    main.o(i.SystemClock_Config) refers to stm32l4xx_hal_pwr_ex.o(i.HAL_PWREx_ControlVoltageScaling) for HAL_PWREx_ControlVoltageScaling
    main.o(i.SystemClock_Config) refers to stm32l4xx_hal_rcc.o(i.HAL_RCC_GetHCLKFreq) for HAL_RCC_GetHCLKFreq
    main.o(i.SystemClock_Config) refers to stm32l4xx_hal_cortex.o(i.HAL_SYSTICK_Config) for HAL_SYSTICK_Config
    main.o(i.SystemClock_Config) refers to stm32l4xx_hal_cortex.o(i.HAL_SYSTICK_CLKSourceConfig) for HAL_SYSTICK_CLKSourceConfig
    main.o(i.SystemClock_Config) refers to stm32l4xx_hal_cortex.o(i.HAL_NVIC_SetPriority) for HAL_NVIC_SetPriority
    main.o(i.main) refers to stm32l4xx_hal.o(i.HAL_Init) for HAL_Init
    main.o(i.main) refers to main.o(i.SystemClock_Config) for SystemClock_Config
    main.o(i.main) refers to gpio.o(i.MX_GPIO_Init) for MX_GPIO_Init
    main.o(i.main) refers to spi.o(i.MX_SPI2_Init) for MX_SPI2_Init
    main.o(i.main) refers to usart.o(i.MX_USART1_UART_Init) for MX_USART1_UART_Init
    main.o(i.main) refers to gui_core.o(i.GUI_Init) for GUI_Init
    main.o(i.main) refers to wm_multibuf.o(i.WM_MULTIBUF_Enable) for WM_MULTIBUF_Enable
    main.o(i.main) refers to processbardlg.o(i.MainTask) for MainTask
    main.o(i.main) refers to gui_time.o(i.GUI_Delay) for GUI_Delay
    gpio.o(i.MX_GPIO_Init) refers to stm32l4xx_hal_gpio.o(i.HAL_GPIO_WritePin) for HAL_GPIO_WritePin
    gpio.o(i.MX_GPIO_Init) refers to stm32l4xx_hal_gpio.o(i.HAL_GPIO_Init) for HAL_GPIO_Init
    spi.o(i.HAL_SPI_MspDeInit) refers to stm32l4xx_hal_gpio.o(i.HAL_GPIO_DeInit) for HAL_GPIO_DeInit
    spi.o(i.HAL_SPI_MspInit) refers to stm32l4xx_hal_gpio.o(i.HAL_GPIO_Init) for HAL_GPIO_Init
    spi.o(i.MX_SPI2_Init) refers to stm32l4xx_hal_spi.o(i.HAL_SPI_Init) for HAL_SPI_Init
    spi.o(i.MX_SPI2_Init) refers to main.o(i._Error_Handler) for _Error_Handler
    spi.o(i.MX_SPI2_Init) refers to spi.o(.bss) for hspi2
    spi.o(i.SPI2_WriteByte) refers to stm32l4xx_hal_spi.o(i.HAL_SPI_Transmit) for HAL_SPI_Transmit
    spi.o(i.SPI2_WriteByte) refers to spi.o(.bss) for hspi2
    usart.o(i.HAL_UART_MspDeInit) refers to stm32l4xx_hal_gpio.o(i.HAL_GPIO_DeInit) for HAL_GPIO_DeInit
    usart.o(i.HAL_UART_MspInit) refers to stm32l4xx_hal_gpio.o(i.HAL_GPIO_Init) for HAL_GPIO_Init
    usart.o(i.MX_USART1_UART_Init) refers to stm32l4xx_hal_uart.o(i.HAL_UART_Init) for HAL_UART_Init
    usart.o(i.MX_USART1_UART_Init) refers to main.o(i._Error_Handler) for _Error_Handler
    usart.o(i.MX_USART1_UART_Init) refers to usart.o(.bss) for huart1
    usart.o(i.fputc) refers to stm32l4xx_hal_uart.o(i.HAL_UART_Transmit) for HAL_UART_Transmit
    usart.o(i.fputc) refers to usart.o(.bss) for huart1
    stm32l4xx_it.o(i.SysTick_Handler) refers to stm32l4xx_hal.o(i.HAL_IncTick) for HAL_IncTick
    stm32l4xx_it.o(i.SysTick_Handler) refers to stm32l4xx_hal_cortex.o(i.HAL_SYSTICK_IRQHandler) for HAL_SYSTICK_IRQHandler
    stm32l4xx_it.o(i.SysTick_Handler) refers to gui_x.o(.data) for OS_TimeMS
    stm32l4xx_hal_msp.o(i.HAL_MspInit) refers to stm32l4xx_hal_cortex.o(i.HAL_NVIC_SetPriorityGrouping) for HAL_NVIC_SetPriorityGrouping
[...]
    0x0800b516   0x0800b516   0x00000002   PAD
    0x0800b518   0x0800b518   0x00000070   Code   RO          619    i._InitContext      STemWin532_CM4_Keil.lib(gui_core.o)
    0x0800b588   0x0800b588   0x000000a8   Code   RO          600    i._InitOnce         STemWin532_CM4_Keil.lib(gui_alloc.o)
    0x0800b630   0x0800b630   0x00000080   Code   RO         1067    i._Invalidate1Abs   STemWin532_CM4_Keil.lib(wm.o)
    0x0800b6b0   0x0800b6b0   0x00000004   Code   RO          710    i._Log2PhysX_X0Y0S0  STemWin532_CM4_Keil.lib(guidrv_flexcolor.o)
    0x0800b6b4   0x0800b6b4   0x00000004   Code   RO          711    i._Log2PhysX_X0Y0S1  STemWin532_CM4_Keil.lib(guidrv_flexcolor.o)
    0x0800b6b8   0x0800b6b8   0x00000004   Code   RO          712    i._Log2PhysX_X0Y1S0  STemWin532_CM4_Keil.lib(guidrv_flexcolor.o)
    0x0800b6bc   0x0800b6bc   0x00000004   Code   RO          713    i._Log2PhysX_X0Y1S1  STemWin532_CM4_Keil.lib(guidrv_flexcolor.o)
    0x0800b6c0   0x0800b6c0   0x00000008   Code   RO          714    i._Log2PhysX_X1Y0S0  STemWin532_CM4_Keil.lib(guidrv_flexcolor.o)
    0x0800b6c8   0x0800b6c8   0x00000008   Code   RO          715    i._Log2PhysX_X1Y0S1  STemWin532_CM4_Keil.lib(guidrv_flexcolor.o)
    0x0800b6d0   0x0800b6d0   0x00000008   Code   RO          716    i._Log2PhysX_X1Y1S0  STemWin532_CM4_Keil.lib(guidrv_flexcolor.o)
    0x0800b6d8   0x0800b6d8   0x00000008   Code   RO          717    i._Log2PhysX_X1Y1S1  STemWin532_CM4_Keil.lib(guidrv_flexcolor.o)
    0x0800b6e0   0x0800b6e0   0x00000004   Code   RO          718    i._Log2PhysY_X0Y0S0  STemWin532_CM4_Keil.lib(guidrv_flexcolor.o)
    0x0800b6e4   0x0800b6e4   0x00000004   Code   RO          719    i._Log2PhysY_X0Y0S1  STemWin532_CM4_Keil.lib(guidrv_flexcolor.o)
    0x0800b6e8   0x0800b6e8   0x00000008   Code   RO          720    i._Log2PhysY_X0Y1S0  STemWin532_CM4_Keil.lib(guidrv_flexcolor.o)
    0x0800b6f0   0x0800b6f0   0x00000008   Code   RO          721    i._Log2PhysY_X0Y1S1  STemWin532_CM4_Keil.lib(guidrv_flexcolor.o)
    0x0800b6f8   0x0800b6f8   0x00000004   Code   RO          722    i._Log2PhysY_X1Y0S0  STemWin532_CM4_Keil.lib(guidrv_flexcolor.o)
    0x0800b6fc   0x0800b6fc   0x00000004   Code   RO          723    i._Log2PhysY_X1Y0S1  STemWin532_CM4_Keil.lib(guidrv_flexcolor.o)
    0x0800b700   0x0800b700   0x00000008   Code   RO          724    i._Log2PhysY_X1Y1S0  STemWin532_CM4_Keil.lib(guidrv_flexcolor.o)
    0x0800b708   0x0800b708   0x00000008   Code   RO          725    i._Log2PhysY_X1Y1S1  STemWin532_CM4_Keil.lib(guidrv_flexcolor.o)
    0x0800b710   0x0800b710   0x00000002   Code   RO         1549    i._Log2VisBuffered  STemWin532_CM4_Keil.lib(gui_charline.o)
    0x0800b712   0x0800b712   0x00000008   Code   RO         1381    i._Min              STemWin532_CM4_Keil.lib(guidev_banding.o)
    0x0800b71a   0x0800b71a   0x0000006e   Code   RO         1861    i._MoveDescendents  STemWin532_CM4_Keil.lib(wm_move.o)
    0x0800b788   0x0800b788   0x0000005e   Code   RO          997    i._OnChildHasFocus  STemWin532_CM4_Keil.lib(framewin.o)
    0x0800b7e6   0x0800b7e6   0x00000002   PAD
    0x0800b7e8   0x0800b7e8   0x00000034   Code   RO          601    i._OnExit           STemWin532_CM4_Keil.lib(gui_alloc.o)
    0x0800b81c   0x0800b81c   0x0000002c   Code   RO          620    i._OnExit           STemWin532_CM4_Keil.lib(gui_core.o)
    0x0800b848   0x0800b848   0x00000034   Code   RO         1068    i._OnExit           STemWin532_CM4_Keil.lib(wm.o)
    0x0800b87c   0x0800b87c   0x00000014   Code   RO         1207    i._OnExit           STemWin532_CM4_Keil.lib(lcd_color.o)
    0x0800b890   0x0800b890   0x00000028   Code   RO         1523    i._OnExit           STemWin532_CM4_Keil.lib(gui__alpha.o)
    0x0800b8b8   0x0800b8b8   0x00000070   Code   RO          998    i._OnTouch          STemWin532_CM4_Keil.lib(framewin.o)
    0x0800b928   0x0800b928   0x0000010e   Code   RO         1400    i._Paint            STemWin532_CM4_Keil.lib(framewin_skin.o)
    0x0800ba36   0x0800ba36   0x00000140   Code   RO         1410    i._Paint            STemWin532_CM4_Keil.lib(progbar_skin.o)
    0x0800bb76   0x0800bb76   0x00000002   PAD
    0x0800bb78   0x0800bb78   0x00000024   Code   RO         1069    i._Paint1           STemWin532_CM4_Keil.lib(wm.o)
    0x0800bb9c   0x0800bb9c   0x0000008c   Code   RO         1070    i._Paint1Trans      STemWin532_CM4_Keil.lib(wm.o)
    0x0800bc28   0x0800bc28   0x0000009a   Code   RO         1071    i._PaintTransChildren  STemWin532_CM4_Keil.lib(wm.o)
    0x0800bcc2   0x0800bcc2   0x00000002   PAD
    0x0800bcc4   0x0800bcc4   0x00000040   Code   RO          602    i._PopFreeBlock     STemWin532_CM4_Keil.lib(gui_alloc.o)
    0x0800bd04   0x0800bd04   0x00000028   Code   RO          603    i._PushFreeBlock    STemWin532_CM4_Keil.lib(gui_alloc.o)
    0x0800bd2c   0x0800bd2c   0x00000006   Code   RO          744    i._ReadData         STemWin532_CM4_Keil.lib(guidrv_flexcolor_16bpp_c0b8.o)
    0x0800bd32   0x0800bd32   0x0000000c   Code   RO          726    i._ReadPixelCust_16bpp  STemWin532_CM4_Keil.lib(guidrv_flexcolor.o)
    0x0800bd3e   0x0800bd3e   0x0000000c   Code   RO          727    i._ReadPixelCust_18bpp  STemWin532_CM4_Keil.lib(guidrv_flexcolor.o)
    0x0800bd4a   0x0800bd4a   0x00000028   Code   RO          752    i._ReadPixel_16bpp_B16_I  STemWin532_CM4_Keil.lib(guidrv_flexcolor_func66709.o)
    0x0800bd72   0x0800bd72   0x00000024   Code   RO          755    i._ReadPixel_16bpp_B8  STemWin532_CM4_Keil.lib(guidrv_flexcolor_func66709.o)
    0x0800bd96   0x0800bd96   0x00000030   Code   RO          728    i._ReadRectCust_16bpp  STemWin532_CM4_Keil.lib(guidrv_flexcolor.o)
    0x0800bdc6   0x0800bdc6   0x00000030   Code   RO          729    i._ReadRectCust_18bpp  STemWin532_CM4_Keil.lib(guidrv_flexcolor.o)
    0x0800bdf6   0x0800bdf6   0x0000004c   Code   RO          756    i._ReadRect_16bpp_B16_I  STemWin532_CM4_Keil.lib(guidrv_flexcolor_func66709.o)
    0x0800be42   0x0800be42   0x00000048   Code   RO          759    i._ReadRect_16bpp_B8  STemWin532_CM4_Keil.lib(guidrv_flexcolor_func66709.o)
    0x0800be8a   0x0800be8a   0x00000002   PAD
    0x0800be8c   0x0800be8c   0x00000034   Code   RO          604    i._RemoveFreeBlock  STemWin532_CM4_Keil.lib(gui_alloc.o)
    0x0800bec0   0x0800bec0   0x0000005c   Code   RO         1659    i._RemoveFromLinList  STemWin532_CM4_Keil.lib(gui_timer.o)
    0x0800bf1c   0x0800bf1c   0x000000a6   Code   RO          605    i._RemoveHoles      STemWin532_CM4_Keil.lib(gui_alloc.o)
    0x0800bfc2   0x0800bfc2   0x0000003a   Code   RO          999    i._SetActive        STemWin532_CM4_Keil.lib(framewin.o)
    0x0800bffc   0x0800bffc   0x00000020   Code   RO         1195    i._SetBkColor       STemWin532_CM4_Keil.lib(lcd.o)
    0x0800c01c   0x0800c01c   0x0000004c   Code   RO         1072    i._SetClipRectUserIntersect  STemWin532_CM4_Keil.lib(wm.o)
    0x0800c068   0x0800c068   0x00000020   Code   RO         1196    i._SetColor         STemWin532_CM4_Keil.lib(lcd.o)
    0x0800c088   0x0800c088   0x00000080   Code   RO          730    i._SetDevFunc       STemWin532_CM4_Keil.lib(guidrv_flexcolor.o)
    0x0800c108   0x0800c108   0x0000002c   Code   RO         1197    i._SetDrawMode      STemWin532_CM4_Keil.lib(lcd.o)
    0x0800c134   0x0800c134   0x00000060   Code   RO         1488    i._SetFocusOnNextChild  STemWin532_CM4_Keil.lib(wm_setfocusonnextchild.o)
    0x0800c194   0x0800c194   0x00000030   Code   RO          760    i._SetInterface     STemWin532_CM4_Keil.lib(guidrv_flexcolor_func66709.o)
    0x0800c1c4   0x0800c1c4   0x00000012   Code   RO          731    i._SetOrg           STemWin532_CM4_Keil.lib(guidrv_flexcolor.o)
    0x0800c1d6   0x0800c1d6   0x0000000e   Code   RO         1374    i._SetOrg           STemWin532_CM4_Keil.lib(guidev_16.o)
    0x0800c1e4   0x0800c1e4   0x00000008   Code   RO         1787    i._SetOrg           STemWin532_CM4_Keil.lib(guidev_32.o)
    0x0800c1ec   0x0800c1ec   0x00000038   Code   RO          761    i._SetOrientation   STemWin532_CM4_Keil.lib(guidrv_flexcolor_func66709.o)
    0x0800c224   0x0800c224   0x000000a8   Code   RO          762    i._SetPhysRAMAddr   STemWin532_CM4_Keil.lib(guidrv_flexcolor_func66709.o)
    0x0800c2cc   0x0800c2cc   0x0000000e   Code   RO          732    i._SetPixelIndex    STemWin532_CM4_Keil.lib(guidrv_flexcolor.o)
    0x0800c2da   0x0800c2da   0x00000002   PAD
    0x0800c2dc   0x0800c2dc   0x00000048   Code   RO         1375    i._SetPixelIndex    STemWin532_CM4_Keil.lib(guidev_16.o)
    0x0800c324   0x0800c324   0x00000048   Code   RO         1788    i._SetPixelIndex    STemWin532_CM4_Keil.lib(guidev_32.o)
    0x0800c36c   0x0800c36c   0x000000b4   Code   RO          763    i._SetRect          STemWin532_CM4_Keil.lib(guidrv_flexcolor_func66709.o)
    0x0800c420   0x0800c420   0x00000008   Code   RO          764    i._SetReg_B16       STemWin532_CM4_Keil.lib(guidrv_flexcolor_func66709.o)
    0x0800c428   0x0800c428   0x0000001a   Code   RO          765    i._SetReg_B8        STemWin532_CM4_Keil.lib(guidrv_flexcolor_func66709.o)
    0x0800c442   0x0800c442   0x0000002c   Code   RO         1015    i._SetValue         STemWin532_CM4_Keil.lib(progbar.o)
    0x0800c46e   0x0800c46e   0x00000002   PAD
    0x0800c470   0x0800c470   0x000000ea   Code   RO          606    i._TestRAM          STemWin532_CM4_Keil.lib(gui_alloc.o)
    0x0800c55a   0x0800c55a   0x00000002   PAD
    0x0800c55c   0x0800c55c   0x00000050   Code   RO         1660    i._Unlink           STemWin532_CM4_Keil.lib(gui_timer.o)
    0x0800c5ac   0x0800c5ac   0x00000006   Code   RO          745    i._WriteData        STemWin532_CM4_Keil.lib(guidrv_flexcolor_16bpp_c0b8.o)
    0x0800c5b2   0x0800c5b2   0x00000002   PAD
    0x0800c5b4   0x0800c5b4   0x0000004a   Code   RO          746    i._WriteDataMP      STemWin532_CM4_Keil.lib(guidrv_flexcolor_16bpp_c0b8.o)
    0x0800c5fe   0x0800c5fe   0x00000008   Code   RO          766    i._WritePara_B16    STemWin532_CM4_Keil.lib(guidrv_flexcolor_func66709.o)
    0x0800c606   0x0800c606   0x0000000a   Code   RO          767    i._WritePara_B8     STemWin532_CM4_Keil.lib(guidrv_flexcolor_func66709.o)
    0x0800c610   0x0800c610   0x0000000e   Code   RO          607    i._WriteTagData     STemWin532_CM4_Keil.lib(gui_alloc.o)
    0x0800c61e   0x0800c61e   0x00000002   PAD
    0x0800c620   0x0800c620   0x00000346   Code   RO         1819    i._WriteToActiveOpaque_8  STemWin532_CM4_Keil.lib(guidev_writetoactiveopaque.o)
    0x0800c966   0x0800c966   0x00000002   PAD
    0x0800c968   0x0800c968   0x0000034a   Code   RO         1820    i._WriteToActiveOpaque_HT  STemWin532_CM4_Keil.lib(guidev_writetoactiveopaque.o)
    0x0800ccb2   0x0800ccb2   0x00000010   Code   RO          747    i._WriteU16_A1      STemWin532_CM4_Keil.lib(guidrv_flexcolor_16bpp_c0b8.o)
    0x0800ccc2   0x0800ccc2   0x00000002   PAD
    0x0800ccc4   0x0800ccc4   0x0000003c   Code   RO         1376    i._XY2PTR           STemWin532_CM4_Keil.lib(guidev_16.o)
    0x0800cd00   0x0800cd00   0x0000003c   Code   RO         1789    i._XY2PTR           STemWin532_CM4_Keil.lib(guidev_32.o)
    0x0800cd3c   0x0800cd3c   0x00000024   Code   RO          733    i._XorPixel         STemWin532_CM4_Keil.lib(guidrv_flexcolor.o)
    0x0800cd60   0x0800cd60   0x00000054   Code   RO         1377    i._XorPixel         STemWin532_CM4_Keil.lib(guidev_16.o)
    0x0800cdb4   0x0800cdb4   0x00000058   Code   RO         1790    i._XorPixel         STemWin532_CM4_Keil.lib(guidev_32.o)
    0x0800ce0c   0x0800ce0c   0x0000000e   Code   RO         2020    i.__scatterload_copy  mc_w.l(handlers.o)
    0x0800ce1a   0x0800ce1a   0x00000002   Code   RO         2021    i.__scatterload_null  mc_w.l(handlers.o)
    0x0800ce1c   0x0800ce1c   0x0000000e   Code   RO         2022    i.__scatterload_zeroinit  mc_w.l(handlers.o)
    0x0800ce2a   0x0800ce2a   0x00000002   PAD
    0x0800ce2c   0x0800ce2c   0x00000050   Code   RO         1073    i._cbBackWin        STemWin532_CM4_Keil.lib(wm.o)
    0x0800ce7c   0x0800ce7c   0x00000088   Code   RO          567    i._cbDialog         processbardlg.o
    0x0800cf04   0x0800cf04   0x00000004   Code   RO         1458    i._cbInvalidateOne  STemWin532_CM4_Keil.lib(wm_bringtotop.o)
    0x0800cf08   0x0800cf08   0x00000044   Code   RO         1074    i._cbPaintMemDev    STemWin532_CM4_Keil.lib(wm.o)
    0x0800cf4c   0x0800cf4c   0x0000008a   Code   RO         1198    i.emWin_LCD_Init    STemWin532_CM4_Keil.lib(lcd.o)
    0x0800cfd6   0x0800cfd6   0x00000002   PAD
    0x0800cfd8   0x0800cfd8   0x00000050   Code   RO           10    i.main              main.o
    0x0800d028   0x0800d028   0x00000048   Data   RO          513    .constdata          system_stm32l4xx.o
    0x0800d070   0x0800d070   0x00000038   Data   RO          568    .constdata          processbardlg.o
    0x0800d0a8   0x0800d0a8   0x00000008   Data   RO          622    .constdata          STemWin532_CM4_Keil.lib(gui_core.o)
    0x0800d0b0   0x0800d0b0   0x00000018   Data   RO          654    .constdata          STemWin532_CM4_Keil.lib(guicc_m565.o)
    0x0800d0c8   0x0800d0c8   0x00000034   Data   RO          734    .constdata          STemWin532_CM4_Keil.lib(guidrv_flexcolor.o)
    0x0800d0fc   0x0800d0fc   0x00000040   Data   RO          735    .constdata          STemWin532_CM4_Keil.lib(guidrv_flexcolor.o)
    0x0800d13c   0x0800d13c   0x00000518   Data   RO          769    .constdata          STemWin532_CM4_Keil.lib(f6x8.o)
    0x0800d654   0x0800d654   0x000001c0   Data   RO          770    .constdata          STemWin532_CM4_Keil.lib(f6x8.o)
    0x0800d814   0x0800d814   0x00000008   Data   RO          771    .constdata          STemWin532_CM4_Keil.lib(f6x8.o)
    0x0800d81c   0x0800d81c   0x00000014   Data   RO          772    .constdata          STemWin532_CM4_Keil.lib(f6x8.o)
    0x0800d830   0x0800d830   0x00000024   Data   RO          773    .constdata          STemWin532_CM4_Keil.lib(f6x8.o)
    0x0800d854   0x0800d854   0x00000010   Data   RO          775    .constdata          STemWin532_CM4_Keil.lib(f16b_ascii.o)
    0x0800d864   0x0800d864   0x00000010   Data   RO          776    .constdata          STemWin532_CM4_Keil.lib(f16b_ascii.o)
    0x0800d874   0x0800d874   0x00000010   Data   RO          777    .constdata          STemWin532_CM4_Keil.lib(f16b_ascii.o)
    0x0800d884   0x0800d884   0x00000010   Data   RO          778    .constdata          STemWin532_CM4_Keil.lib(f16b_ascii.o)
    0x0800d894   0x0800d894   0x00000010   Data   RO          779    .constdata          STemWin532_CM4_Keil.lib(f16b_ascii.o)
    0x0800d8a4   0x0800d8a4   0x00000020   Data   RO          780    .constdata          STemWin532_CM4_Keil.lib(f16b_ascii.o)
    0x0800d8c4   0x0800d8c4   0x00000020   Data   RO          781    .constdata          STemWin532_CM4_Keil.lib(f16b_ascii.o)
    0x0800d8e4   0x0800d8e4   0x00000010   Data   RO          782    .constdata          STemWin532_CM4_Keil.lib(f16b_ascii.o)
    0x0800d8f4   0x0800d8f4   0x00000010   Data   RO          783    .constdata          STemWin532_CM4_Keil.lib(f16b_ascii.o)
    0x0800d904   0x0800d904   0x00000010   Data   RO          784    .constdata          STemWin532_CM4_Keil.lib(f16b_ascii.o)
    0x0800d914   0x0800d914   0x00000010   Data   RO          785    .constdata          STemWin532_CM4_Keil.lib(f16b_ascii.o)
    0x0800d924   0x0800d924   0x00000010   Data   RO          786    .constdata          STemWin532_CM4_Keil.lib(f16b_ascii.o)
    0x0800d934   0x0800d934   0x00000010   Data   RO          787    .constdata          STemWin532_CM4_Keil.lib(f16b_ascii.o)
    0x0800d944   0x0800d944   0x00000010   Data   RO          788    .constdata          STemWin532_CM4_Keil.lib(f16b_ascii.o)
    0x0800d954   0x0800d954   0x00000010   Data   RO          789    .constdata          STemWin532_CM4_Keil.lib(f16b_ascii.o)
    0x0800d964   0x0800d964   0x00000010   Data   RO          790    .constdata          STemWin532_CM4_Keil.lib(f16b_ascii.o)
    0x0800d974   0x0800d974   0x00000010   Data   RO          791    .constdata          STemWin532_CM4_Keil.lib(f16b_ascii.o)
    0x0800d984   0x0800d984   0x00000010   Data   RO          792    .constdata          STemWin532_CM4_Keil.lib(f16b_ascii.o)
    0x0800d994   0x0800d994   0x00000010   Data   RO          793    .constdata          STemWin532_CM4_Keil.lib(f16b_ascii.o)
    0x0800d9a4   0x0800d9a4   0x00000010   Data   RO          794    .constdata          STemWin532_CM4_Keil.lib(f16b_ascii.o)
    0x0800d9b4   0x0800d9b4   0x00000010   Data   RO          795    .constdata          STemWin532_CM4_Keil.lib(f16b_ascii.o)
    0x0800d9c4   0x0800d9c4   0x00000010   Data   RO          796    .constdata          STemWin532_CM4_Keil.lib(f16b_ascii.o)
    0x0800d9d4   0x0800d9d4   0x00000010   Data   RO          797    .constdata          STemWin532_CM4_Keil.lib(f16b_ascii.o)
    0x0800d9e4   0x0800d9e4   0x00000010   Data   RO          798    .constdata          STemWin532_CM4_Keil.lib(f16b_ascii.o)
    0x0800d9f4   0x0800d9f4   0x00000010   Data   RO          799    .constdata          STemWin532_CM4_Keil.lib(f16b_ascii.o)
    0x0800da04   0x0800da04   0x00000010   Data   RO          800    .constdata          STemWin532_CM4_Keil.lib(f16b_ascii.o)
    0x0800da14   0x0800da14   0x00000010   Data   RO          801    .constdata          STemWin532_CM4_Keil.lib(f16b_ascii.o)
    0x0800da24   0x0800da24   0x00000010   Data   RO          802    .constdata          STemWin532_CM4_Keil.lib(f16b_ascii.o)
    0x0800da34   0x0800da34   0x00000010   Data   RO          803    .constdata          STemWin532_CM4_Keil.lib(f16b_ascii.o)
    0x0800da44   0x0800da44   0x00000010   Data   RO          804    .constdata          STemWin532_CM4_Keil.lib(f16b_ascii.o)
    0x0800da54   0x0800da54   0x00000010   Data   RO          805    .constdata          STemWin532_CM4_Keil.lib(f16b_ascii.o)
    0x0800da64   0x0800da64   0x00000010   Data   RO          806    .constdata          STemWin532_CM4_Keil.lib(f16b_ascii.o)
    0x0800da74   0x0800da74   0x00000020   Data   RO          807    .constdata          STemWin532_CM4_Keil.lib(f16b_ascii.o)
    0x0800da94   0x0800da94   0x00000020   Data   RO          808    .constdata          STemWin532_CM4_Keil.lib(f16b_ascii.o)
    0x0800dab4   0x0800dab4   0x00000020   Data   RO          809    .constdata          STemWin532_CM4_Keil.lib(f16b_ascii.o)
    0x0800dad4   0x0800dad4   0x00000020   Data   RO          810    .constdata          STemWin532_CM4_Keil.lib(f16b_ascii.o)
    0x0800daf4   0x0800daf4   0x00000020   Data   RO          811    .constdata          STemWin532_CM4_Keil.lib(f16b_ascii.o)
    0x0800db14   0x0800db14   0x00000010   Data   RO          812    .constdata          STemWin532_CM4_Keil.lib(f16b_ascii.o)
    0x0800db24   0x0800db24   0x00000010   Data   RO          813    .constdata          STemWin532_CM4_Keil.lib(f16b_ascii.o)
    0x0800db34   0x0800db34   0x00000020   Data   RO          814    .constdata          STemWin532_CM4_Keil.lib(f16b_ascii.o)
    0x0800db54   0x0800db54   0x00000020   Data   RO          815    .constdata          STemWin532_CM4_Keil.lib(f16b_ascii.o)
    0x0800db74   0x0800db74   0x00000010   Data   RO          816    .constdata          STemWin532_CM4_Keil.lib(f16b_ascii.o)
    0x0800db84   0x0800db84   0x00000010   Data   RO          817    .constdata          STemWin532_CM4_Keil.lib(f16b_ascii.o)
    0x0800db94   0x0800db94   0x00000020   Data   RO          818    .constdata          STemWin532_CM4_Keil.lib(f16b_ascii.o)
    0x0800dbb4   0x0800dbb4   0x00000010   Data   RO          819    .constdata          STemWin532_CM4_Keil.lib(f16b_ascii.o)
    0x0800dbc4   0x0800dbc4   0x00000020   Data   RO          820    .constdata          STemWin532_CM4_Keil.lib(f16b_ascii.o)
    0x0800dbe4   0x0800dbe4   0x00000020   Data   RO          821    .constdata          STemWin532_CM4_Keil.lib(f16b_ascii.o)
    0x0800dc04   0x0800dc04   0x00000020   Data   RO          822    .constdata          STemWin532_CM4_Keil.lib(f16b_ascii.o)
    0x0800dc24   0x0800dc24   0x00000020   Data   RO          823    .constdata          STemWin532_CM4_Keil.lib(f16b_ascii.o)
    0x0800dc44   0x0800dc44   0x00000020   Data   RO          824    .constdata          STemWin532_CM4_Keil.lib(f16b_ascii.o)
    0x0800dc64   0x0800dc64   0x00000020   Data   RO          825    .constdata          STemWin532_CM4_Keil.lib(f16b_ascii.o)
    0x0800dc84   0x0800dc84   0x00000020   Data   RO          826    .constdata          STemWin532_CM4_Keil.lib(f16b_ascii.o)
    0x0800dca4   0x0800dca4   0x00000010   Data   RO          827    .constdata          STemWin532_CM4_Keil.lib(f16b_ascii.o)
    0x0800dcb4   0x0800dcb4   0x00000020   Data   RO          828    .constdata          STemWin532_CM4_Keil.lib(f16b_ascii.o)
    0x0800dcd4   0x0800dcd4   0x00000020   Data   RO          829    .constdata          STemWin532_CM4_Keil.lib(f16b_ascii.o)
    0x0800dcf4   0x0800dcf4   0x00000020   Data   RO          830    .constdata          STemWin532_CM4_Keil.lib(f16b_ascii.o)
    0x0800dd14   0x0800dd14   0x00000020   Data   RO          831    .constdata          STemWin532_CM4_Keil.lib(f16b_ascii.o)
    0x0800dd34   0x0800dd34   0x00000010   Data   RO          832    .constdata          STemWin532_CM4_Keil.lib(f16b_ascii.o)
    0x0800dd44   0x0800dd44   0x00000010   Data   RO          833    .constdata          STemWin532_CM4_Keil.lib(f16b_ascii.o)
    0x0800dd54   0x0800dd54   0x00000010   Data   RO          834    .constdata          STemWin532_CM4_Keil.lib(f16b_ascii.o)
    0x0800dd64   0x0800dd64   0x00000010   Data   RO          835    .constdata          STemWin532_CM4_Keil.lib(f16b_ascii.o)
    0x0800dd74   0x0800dd74   0x00000010   Data   RO          836    .constdata          STemWin532_CM4_Keil.lib(f16b_ascii.o)
    0x0800dd84   0x0800dd84   0x00000010   Data   RO          837    .constdata          STemWin532_CM4_Keil.lib(f16b_ascii.o)
    0x0800dd94   0x0800dd94   0x00000010   Data   RO          838    .constdata          STemWin532_CM4_Keil.lib(f16b_ascii.o)
    0x0800dda4   0x0800dda4   0x00000010   Data   RO          839    .constdata          STemWin532_CM4_Keil.lib(f16b_ascii.o)
    0x0800ddb4   0x0800ddb4   0x00000010   Data   RO          840    .constdata          STemWin532_CM4_Keil.lib(f16b_ascii.o)
    0x0800ddc4   0x0800ddc4   0x00000010   Data   RO          841    .constdata          STemWin532_CM4_Keil.lib(f16b_ascii.o)
    0x0800ddd4   0x0800ddd4   0x00000010   Data   RO          842    .constdata          STemWin532_CM4_Keil.lib(f16b_ascii.o)
    0x0800dde4   0x0800dde4   0x00000010   Data   RO          843    .constdata          STemWin532_CM4_Keil.lib(f16b_ascii.o)
    0x0800ddf4   0x0800ddf4   0x00000010   Data   RO          844    .constdata          STemWin532_CM4_Keil.lib(f16b_ascii.o)
    0x0800de04   0x0800de04   0x00000010   Data   RO          845    .constdata          STemWin532_CM4_Keil.lib(f16b_ascii.o)
    0x0800de14   0x0800de14   0x00000010   Data   RO          846    .constdata          STemWin532_CM4_Keil.lib(f16b_ascii.o)
    0x0800de24   0x0800de24   0x00000010   Data   RO          847    .constdata          STemWin532_CM4_Keil.lib(f16b_ascii.o)
    0x0800de34   0x0800de34   0x00000010   Data   RO          848    .constdata          STemWin532_CM4_Keil.lib(f16b_ascii.o)
    0x0800de44   0x0800de44   0x00000010   Data   RO          849    .constdata          STemWin532_CM4_Keil.lib(f16b_ascii.o)
    0x0800de54   0x0800de54   0x00000010   Data   RO          850    .constdata          STemWin532_CM4_Keil.lib(f16b_ascii.o)
    0x0800de64   0x0800de64   0x00000010   Data   RO          851    .constdata          STemWin532_CM4_Keil.lib(f16b_ascii.o)
    0x0800de74   0x0800de74   0x00000020   Data   RO          852    .constdata          STemWin532_CM4_Keil.lib(f16b_ascii.o)
    0x0800de94   0x0800de94   0x00000010   Data   RO          853    .constdata          STemWin532_CM4_Keil.lib(f16b_ascii.o)
    0x0800dea4   0x0800dea4   0x00000010   Data   RO          854    .constdata          STemWin532_CM4_Keil.lib(f16b_ascii.o)
    0x0800deb4   0x0800deb4   0x00000010   Data   RO          855    .constdata          STemWin532_CM4_Keil.lib(f16b_ascii.o)
    0x0800dec4   0x0800dec4   0x00000010   Data   RO          856    .constdata          STemWin532_CM4_Keil.lib(f16b_ascii.o)
    0x0800ded4   0x0800ded4   0x00000010   Data   RO          857    .constdata          STemWin532_CM4_Keil.lib(f16b_ascii.o)
    0x0800dee4   0x0800dee4   0x00000010   Data   RO          858    .constdata          STemWin532_CM4_Keil.lib(f16b_ascii.o)
    0x0800def4   0x0800def4   0x00000010   Data   RO          859    .constdata          STemWin532_CM4_Keil.lib(f16b_ascii.o)
    0x0800df04   0x0800df04   0x00000010   Data   RO          860    .constdata          STemWin532_CM4_Keil.lib(f16b_ascii.o)
    0x0800df14   0x0800df14   0x00000010   Data   RO          861    .constdata          STemWin532_CM4_Keil.lib(f16b_ascii.o)
    0x0800df24   0x0800df24   0x00000020   Data   RO          862    .constdata          STemWin532_CM4_Keil.lib(f16b_ascii.o)
    0x0800df44   0x0800df44   0x00000010   Data   RO          863    .constdata          STemWin532_CM4_Keil.lib(f16b_ascii.o)
    0x0800df54   0x0800df54   0x00000010   Data   RO          864    .constdata          STemWin532_CM4_Keil.lib(f16b_ascii.o)
    0x0800df64   0x0800df64   0x00000010   Data   RO          865    .constdata          STemWin532_CM4_Keil.lib(f16b_ascii.o)
    0x0800df74   0x0800df74   0x00000010   Data   RO          866    .constdata          STemWin532_CM4_Keil.lib(f16b_ascii.o)
    0x0800df84   0x0800df84   0x00000010   Data   RO          867    .constdata          STemWin532_CM4_Keil.lib(f16b_ascii.o)
    0x0800df94   0x0800df94   0x00000010   Data   RO          868    .constdata          STemWin532_CM4_Keil.lib(f16b_ascii.o)
    0x0800dfa4   0x0800dfa4   0x00000010   Data   RO          869    .constdata          STemWin532_CM4_Keil.lib(f16b_ascii.o)
    0x0800dfb4   0x0800dfb4   0x000002f8   Data   RO          870    .constdata          STemWin532_CM4_Keil.lib(f16b_ascii.o)
    0x0800e2ac   0x0800e2ac   0x0000000c   Data   RO          871    .constdata          STemWin532_CM4_Keil.lib(f16b_ascii.o)
    0x0800e2b8   0x0800e2b8   0x00000024   Data   RO          872    .constdata          STemWin532_CM4_Keil.lib(f16b_ascii.o)
    0x0800e2dc   0x0800e2dc   0x00000012   Data   RO          873    .constdata          STemWin532_CM4_Keil.lib(fcomic18b_ascii.o)
    0x0800e2ee   0x0800e2ee   0x00000012   Data   RO          874    .constdata          STemWin532_CM4_Keil.lib(fcomic18b_ascii.o)
    0x0800e300   0x0800e300   0x00000012   Data   RO          875    .constdata          STemWin532_CM4_Keil.lib(fcomic18b_ascii.o)
    0x0800e312   0x0800e312   0x00000024   Data   RO          876    .constdata          STemWin532_CM4_Keil.lib(fcomic18b_ascii.o)
    0x0800e336   0x0800e336   0x00000024   Data   RO          877    .constdata          STemWin532_CM4_Keil.lib(fcomic18b_ascii.o)
    0x0800e35a   0x0800e35a   0x00000024   Data   RO          878    .constdata          STemWin532_CM4_Keil.lib(fcomic18b_ascii.o)
    0x0800e37e   0x0800e37e   0x00000024   Data   RO          879    .constdata          STemWin532_CM4_Keil.lib(fcomic18b_ascii.o)
    0x0800e3a2   0x0800e3a2   0x00000012   Data   RO          880    .constdata          STemWin532_CM4_Keil.lib(fcomic18b_ascii.o)
    0x0800e3b4   0x0800e3b4   0x00000012   Data   RO          881    .constdata          STemWin532_CM4_Keil.lib(fcomic18b_ascii.o)
    0x0800e3c6   0x0800e3c6   0x00000012   Data   RO          882    .constdata          STemWin532_CM4_Keil.lib(fcomic18b_ascii.o)
    0x0800e3d8   0x0800e3d8   0x00000024   Data   RO          883    .constdata          STemWin532_CM4_Keil.lib(fcomic18b_ascii.o)
    0x0800e3fc   0x0800e3fc   0x00000012   Data   RO          884    .constdata          STemWin532_CM4_Keil.lib(fcomic18b_ascii.o)
    0x0800e40e   0x0800e40e   0x00000012   Data   RO          885    .constdata          STemWin532_CM4_Keil.lib(fcomic18b_ascii.o)
    0x0800e420   0x0800e420   0x00000012   Data   RO          886    .constdata          STemWin532_CM4_Keil.lib(fcomic18b_ascii.o)
    0x0800e432   0x0800e432   0x00000012   Data   RO          887    .constdata          STemWin532_CM4_Keil.lib(fcomic18b_ascii.o)
    0x0800e444   0x0800e444   0x00000024   Data   RO          888    .constdata          STemWin532_CM4_Keil.lib(fcomic18b_ascii.o)
    0x0800e468   0x0800e468   0x00000024   Data   RO          889    .constdata          STemWin532_CM4_Keil.lib(fcomic18b_ascii.o)
    0x0800e48c   0x0800e48c   0x00000012   Data   RO          890    .constdata          STemWin532_CM4_Keil.lib(fcomic18b_ascii.o)
    0x0800e49e   0x0800e49e   0x00000024   Data   RO          891    .constdata          STemWin532_CM4_Keil.lib(fcomic18b_ascii.o)
    0x0800e4c2   0x0800e4c2   0x00000024   Data   RO          892    .constdata          STemWin532_CM4_Keil.lib(fcomic18b_ascii.o)
    0x0800e4e6   0x0800e4e6   0x00000024   Data   RO          893    .constdata          STemWin532_CM4_Keil.lib(fcomic18b_ascii.o)
    0x0800e50a   0x0800e50a   0x00000024   Data   RO          894    .constdata          STemWin532_CM4_Keil.lib(fcomic18b_ascii.o)
    0x0800e52e   0x0800e52e   0x00000024   Data   RO          895    .constdata          STemWin532_CM4_Keil.lib(fcomic18b_ascii.o)
    0x0800e552   0x0800e552   0x00000024   Data   RO          896    .constdata          STemWin532_CM4_Keil.lib(fcomic18b_ascii.o)
    0x0800e576   0x0800e576   0x00000024   Data   RO          897    .constdata          STemWin532_CM4_Keil.lib(fcomic18b_ascii.o)
    0x0800e59a   0x0800e59a   0x00000024   Data   RO          898    .constdata          STemWin532_CM4_Keil.lib(fcomic18b_ascii.o)
    0x0800e5be   0x0800e5be   0x00000012   Data   RO          899    .constdata          STemWin532_CM4_Keil.lib(fcomic18b_ascii.o)
    0x0800e5d0   0x0800e5d0   0x00000012   Data   RO          900    .constdata          STemWin532_CM4_Keil.lib(fcomic18b_ascii.o)
    0x0800e5e2   0x0800e5e2   0x00000012   Data   RO          901    .constdata          STemWin532_CM4_Keil.lib(fcomic18b_ascii.o)
    0x0800e5f4   0x0800e5f4   0x00000012   Data   RO          902    .constdata          STemWin532_CM4_Keil.lib(fcomic18b_ascii.o)
    0x0800e606   0x0800e606   0x00000012   Data   RO          903    .constdata          STemWin532_CM4_Keil.lib(fcomic18b_ascii.o)
    0x0800e618   0x0800e618   0x00000024   Data   RO          904    .constdata          STemWin532_CM4_Keil.lib(fcomic18b_ascii.o)
    0x0800e63c   0x0800e63c   0x00000024   Data   RO          905    .constdata          STemWin532_CM4_Keil.lib(fcomic18b_ascii.o)
    0x0800e660   0x0800e660   0x00000024   Data   RO          906    .constdata          STemWin532_CM4_Keil.lib(fcomic18b_ascii.o)
    0x0800e684   0x0800e684   0x00000024   Data   RO          907    .constdata          STemWin532_CM4_Keil.lib(fcomic18b_ascii.o)
    0x0800e6a8   0x0800e6a8   0x00000024   Data   RO          908    .constdata          STemWin532_CM4_Keil.lib(fcomic18b_ascii.o)
    0x0800e6cc   0x0800e6cc   0x00000024   Data   RO          909    .constdata          STemWin532_CM4_Keil.lib(fcomic18b_ascii.o)
    0x0800e6f0   0x0800e6f0   0x00000024   Data   RO          910    .constdata          STemWin532_CM4_Keil.lib(fcomic18b_ascii.o)
    0x0800e714   0x0800e714   0x00000024   Data   RO          911    .constdata          STemWin532_CM4_Keil.lib(fcomic18b_ascii.o)
    0x0800e738   0x0800e738   0x00000024   Data   RO          912    .constdata          STemWin532_CM4_Keil.lib(fcomic18b_ascii.o)
    0x0800e75c   0x0800e75c   0x00000024   Data   RO          913    .constdata          STemWin532_CM4_Keil.lib(fcomic18b_ascii.o)
    0x0800e780   0x0800e780   0x00000024   Data   RO          914    .constdata          STemWin532_CM4_Keil.lib(fcomic18b_ascii.o)
    0x0800e7a4   0x0800e7a4   0x00000024   Data   RO          915    .constdata          STemWin532_CM4_Keil.lib(fcomic18b_ascii.o)
    0x0800e7c8   0x0800e7c8   0x00000024   Data   RO          916    .constdata          STemWin532_CM4_Keil.lib(fcomic18b_ascii.o)
    0x0800e7ec   0x0800e7ec   0x00000024   Data   RO          917    .constdata          STemWin532_CM4_Keil.lib(fcomic18b_ascii.o)
    0x0800e810   0x0800e810   0x00000024   Data   RO          918    .constdata          STemWin532_CM4_Keil.lib(fcomic18b_ascii.o)
    0x0800e834   0x0800e834   0x00000024   Data   RO          919    .constdata          STemWin532_CM4_Keil.lib(fcomic18b_ascii.o)
    0x0800e858   0x0800e858   0x00000024   Data   RO          920    .constdata          STemWin532_CM4_Keil.lib(fcomic18b_ascii.o)
    0x0800e87c   0x0800e87c   0x00000012   Data   RO          921    .constdata          STemWin532_CM4_Keil.lib(fcomic18b_ascii.o)
    0x0800e88e   0x0800e88e   0x00000024   Data   RO          922    .constdata          STemWin532_CM4_Keil.lib(fcomic18b_ascii.o)
    0x0800e8b2   0x0800e8b2   0x00000024   Data   RO          923    .constdata          STemWin532_CM4_Keil.lib(fcomic18b_ascii.o)
    0x0800e8d6   0x0800e8d6   0x00000024   Data   RO          924    .constdata          STemWin532_CM4_Keil.lib(fcomic18b_ascii.o)
    0x0800e8fa   0x0800e8fa   0x00000024   Data   RO          925    .constdata          STemWin532_CM4_Keil.lib(fcomic18b_ascii.o)
    0x0800e91e   0x0800e91e   0x00000024   Data   RO          926    .constdata          STemWin532_CM4_Keil.lib(fcomic18b_ascii.o)
    0x0800e942   0x0800e942   0x00000024   Data   RO          927    .constdata          STemWin532_CM4_Keil.lib(fcomic18b_ascii.o)
    0x0800e966   0x0800e966   0x00000036   Data   RO          928    .constdata          STemWin532_CM4_Keil.lib(fcomic18b_ascii.o)
    0x0800e99c   0x0800e99c   0x00000024   Data   RO          929    .constdata          STemWin532_CM4_Keil.lib(fcomic18b_ascii.o)
    0x0800e9c0   0x0800e9c0   0x00000024   Data   RO          930    .constdata          STemWin532_CM4_Keil.lib(fcomic18b_ascii.o)
    0x0800e9e4   0x0800e9e4   0x00000024   Data   RO          931    .constdata          STemWin532_CM4_Keil.lib(fcomic18b_ascii.o)
    0x0800ea08   0x0800ea08   0x00000012   Data   RO          932    .constdata          STemWin532_CM4_Keil.lib(fcomic18b_ascii.o)
    0x0800ea1a   0x0800ea1a   0x00000012   Data   RO          933    .constdata          STemWin532_CM4_Keil.lib(fcomic18b_ascii.o)
    0x0800ea2c   0x0800ea2c   0x00000012   Data   RO          934    .constdata          STemWin532_CM4_Keil.lib(fcomic18b_ascii.o)
    0x0800ea3e   0x0800ea3e   0x00000012   Data   RO          935    .constdata          STemWin532_CM4_Keil.lib(fcomic18b_ascii.o)
    0x0800ea50   0x0800ea50   0x00000024   Data   RO          936    .constdata          STemWin532_CM4_Keil.lib(fcomic18b_ascii.o)
    0x0800ea74   0x0800ea74   0x00000024   Data   RO          937    .constdata          STemWin532_CM4_Keil.lib(fcomic18b_ascii.o)
    0x0800ea98   0x0800ea98   0x00000012   Data   RO          938    .constdata          STemWin532_CM4_Keil.lib(fcomic18b_ascii.o)
    0x0800eaaa   0x0800eaaa   0x00000024   Data   RO          939    .constdata          STemWin532_CM4_Keil.lib(fcomic18b_ascii.o)
    0x0800eace   0x0800eace   0x00000012   Data   RO          940    .constdata          STemWin532_CM4_Keil.lib(fcomic18b_ascii.o)
    0x0800eae0   0x0800eae0   0x00000024   Data   RO          941    .constdata          STemWin532_CM4_Keil.lib(fcomic18b_ascii.o)
    0x0800eb04   0x0800eb04   0x00000012   Data   RO          942    .constdata          STemWin532_CM4_Keil.lib(fcomic18b_ascii.o)
    0x0800eb16   0x0800eb16   0x00000012   Data   RO          943    .constdata          STemWin532_CM4_Keil.lib(fcomic18b_ascii.o)
    0x0800eb28   0x0800eb28   0x00000012   Data   RO          944    .constdata          STemWin532_CM4_Keil.lib(fcomic18b_ascii.o)
    0x0800eb3a   0x0800eb3a   0x00000012   Data   RO          945    .constdata          STemWin532_CM4_Keil.lib(fcomic18b_ascii.o)
    0x0800eb4c   0x0800eb4c   0x00000012   Data   RO          946    .constdata          STemWin532_CM4_Keil.lib(fcomic18b_ascii.o)
    0x0800eb5e   0x0800eb5e   0x00000012   Data   RO          947    .constdata          STemWin532_CM4_Keil.lib(fcomic18b_ascii.o)
    0x0800eb70   0x0800eb70   0x00000024   Data   RO          948    .constdata          STemWin532_CM4_Keil.lib(fcomic18b_ascii.o)
    0x0800eb94   0x0800eb94   0x00000012   Data   RO          949    .constdata          STemWin532_CM4_Keil.lib(fcomic18b_ascii.o)
    0x0800eba6   0x0800eba6   0x00000024   Data   RO          950    .constdata          STemWin532_CM4_Keil.lib(fcomic18b_ascii.o)
    0x0800ebca   0x0800ebca   0x00000012   Data   RO          951    .constdata          STemWin532_CM4_Keil.lib(fcomic18b_ascii.o)
    0x0800ebdc   0x0800ebdc   0x00000012   Data   RO          952    .constdata          STemWin532_CM4_Keil.lib(fcomic18b_ascii.o)
    0x0800ebee   0x0800ebee   0x00000024   Data   RO          953    .constdata          STemWin532_CM4_Keil.lib(fcomic18b_ascii.o)
    0x0800ec12   0x0800ec12   0x00000012   Data   RO          954    .constdata          STemWin532_CM4_Keil.lib(fcomic18b_ascii.o)
    0x0800ec24   0x0800ec24   0x00000012   Data   RO          955    .constdata          STemWin532_CM4_Keil.lib(fcomic18b_ascii.o)
    0x0800ec36   0x0800ec36   0x00000012   Data   RO          956    .constdata          STemWin532_CM4_Keil.lib(fcomic18b_ascii.o)
    0x0800ec48   0x0800ec48   0x00000012   Data   RO          957    .constdata          STemWin532_CM4_Keil.lib(fcomic18b_ascii.o)
    0x0800ec5a   0x0800ec5a   0x00000012   Data   RO          958    .constdata          STemWin532_CM4_Keil.lib(fcomic18b_ascii.o)
    0x0800ec6c   0x0800ec6c   0x00000012   Data   RO          959    .constdata          STemWin532_CM4_Keil.lib(fcomic18b_ascii.o)
    0x0800ec7e   0x0800ec7e   0x00000024   Data   RO          960    .constdata          STemWin532_CM4_Keil.lib(fcomic18b_ascii.o)
    0x0800eca2   0x0800eca2   0x00000024   Data   RO          961    .constdata          STemWin532_CM4_Keil.lib(fcomic18b_ascii.o)
    0x0800ecc6   0x0800ecc6   0x00000024   Data   RO          962    .constdata          STemWin532_CM4_Keil.lib(fcomic18b_ascii.o)
    0x0800ecea   0x0800ecea   0x00000024   Data   RO          963    .constdata          STemWin532_CM4_Keil.lib(fcomic18b_ascii.o)
    0x0800ed0e   0x0800ed0e   0x00000012   Data   RO          964    .constdata          STemWin532_CM4_Keil.lib(fcomic18b_ascii.o)
    0x0800ed20   0x0800ed20   0x00000012   Data   RO          965    .constdata          STemWin532_CM4_Keil.lib(fcomic18b_ascii.o)
    0x0800ed32   0x0800ed32   0x00000012   Data   RO          966    .constdata          STemWin532_CM4_Keil.lib(fcomic18b_ascii.o)
    0x0800ed44   0x0800ed44   0x00000024   Data   RO          967    .constdata          STemWin532_CM4_Keil.lib(fcomic18b_ascii.o)
    0x0800ed68   0x0800ed68   0x00000012   Data   RO          968    .constdata          STemWin532_CM4_Keil.lib(fcomic18b_ascii.o)
    0x0800ed7a   0x0800ed7a   0x00000024   Data   RO          969    .constdata          STemWin532_CM4_Keil.lib(fcomic18b_ascii.o)
    0x0800ed9e   0x0800ed9e   0x00000002   PAD
    0x0800eda0   0x0800eda0   0x00000308   Data   RO          970    .constdata          STemWin532_CM4_Keil.lib(fcomic18b_ascii.o)
    0x0800f0a8   0x0800f0a8   0x0000000c   Data   RO          971    .constdata          STemWin532_CM4_Keil.lib(fcomic18b_ascii.o)
    0x0800f0b4   0x0800f0b4   0x00000024   Data   RO          972    .constdata          STemWin532_CM4_Keil.lib(fcomic18b_ascii.o)
    0x0800f0d8   0x0800f0d8   0x00000020   Data   RO         1083    .constdata          STemWin532_CM4_Keil.lib(gui__divtbl_31_255.o)
    0x0800f0f8   0x0800f0f8   0x00000040   Data   RO         1084    .constdata          STemWin532_CM4_Keil.lib(gui__divtbl_63_255.o)
    0x0800f138   0x0800f138   0x00000100   Data   RO         1085    .constdata          STemWin532_CM4_Keil.lib(gui__divtbl_255_31.o)
    0x0800f238   0x0800f238   0x00000100   Data   RO         1086    .constdata          STemWin532_CM4_Keil.lib(gui__divtbl_255_63.o)
    0x0800f338   0x0800f338   0x00000008   Data   RO         1133    .constdata          STemWin532_CM4_Keil.lib(gui_multibuf.o)
    0x0800f340   0x0800f340   0x00000010   Data   RO         1173    .constdata          STemWin532_CM4_Keil.lib(gui_uc_encodenone.o)
    0x0800f350   0x0800f350   0x0000000c   Data   RO         1199    .constdata          STemWin532_CM4_Keil.lib(lcd.o)
    0x0800f35c   0x0800f35c   0x0000000d   Data   RO         1253    .constdata          STemWin532_CM4_Keil.lib(f13_1.o)
    0x0800f369   0x0800f369   0x0000000d   Data   RO         1254    .constdata          STemWin532_CM4_Keil.lib(f13_1.o)
    0x0800f376   0x0800f376   0x0000000d   Data   RO         1255    .constdata          STemWin532_CM4_Keil.lib(f13_1.o)
    0x0800f383   0x0800f383   0x0000000d   Data   RO         1256    .constdata          STemWin532_CM4_Keil.lib(f13_1.o)
    0x0800f390   0x0800f390   0x0000000d   Data   RO         1257    .constdata          STemWin532_CM4_Keil.lib(f13_1.o)
    0x0800f39d   0x0800f39d   0x0000000d   Data   RO         1258    .constdata          STemWin532_CM4_Keil.lib(f13_1.o)
    0x0800f3aa   0x0800f3aa   0x0000000d   Data   RO         1259    .constdata          STemWin532_CM4_Keil.lib(f13_1.o)
    0x0800f3b7   0x0800f3b7   0x0000000d   Data   RO         1260    .constdata          STemWin532_CM4_Keil.lib(f13_1.o)
    0x0800f3c4   0x0800f3c4   0x0000000d   Data   RO         1261    .constdata          STemWin532_CM4_Keil.lib(f13_1.o)
    0x0800f3d1   0x0800f3d1   0x0000001a   Data   RO         1262    .constdata          STemWin532_CM4_Keil.lib(f13_1.o)
    0x0800f3eb   0x0800f3eb   0x0000000d   Data   RO         1263    .constdata          STemWin532_CM4_Keil.lib(f13_1.o)
    0x0800f3f8   0x0800f3f8   0x0000000d   Data   RO         1264    .constdata          STemWin532_CM4_Keil.lib(f13_1.o)
    0x0800f405   0x0800f405   0x0000000d   Data   RO         1265    .constdata          STemWin532_CM4_Keil.lib(f13_1.o)
    0x0800f412   0x0800f412   0x0000000d   Data   RO         1266    .constdata          STemWin532_CM4_Keil.lib(f13_1.o)
    0x0800f41f   0x0800f41f   0x0000001a   Data   RO         1267    .constdata          STemWin532_CM4_Keil.lib(f13_1.o)
    0x0800f439   0x0800f439   0x0000000d   Data   RO         1268    .constdata          STemWin532_CM4_Keil.lib(f13_1.o)
    0x0800f446   0x0800f446   0x0000000d   Data   RO         1269    .constdata          STemWin532_CM4_Keil.lib(f13_1.o)
    0x0800f453   0x0800f453   0x0000000d   Data   RO         1270    .constdata          STemWin532_CM4_Keil.lib(f13_1.o)
    0x0800f460   0x0800f460   0x0000000d   Data   RO         1271    .constdata          STemWin532_CM4_Keil.lib(f13_1.o)
    0x0800f46d   0x0800f46d   0x0000000d   Data   RO         1272    .constdata          STemWin532_CM4_Keil.lib(f13_1.o)
    0x0800f47a   0x0800f47a   0x0000000d   Data   RO         1273    .constdata          STemWin532_CM4_Keil.lib(f13_1.o)
    0x0800f487   0x0800f487   0x0000000d   Data   RO         1274    .constdata          STemWin532_CM4_Keil.lib(f13_1.o)
    0x0800f494   0x0800f494   0x0000000d   Data   RO         1275    .constdata          STemWin532_CM4_Keil.lib(f13_1.o)
    0x0800f4a1   0x0800f4a1   0x0000000d   Data   RO         1276    .constdata          STemWin532_CM4_Keil.lib(f13_1.o)
    0x0800f4ae   0x0800f4ae   0x0000000d   Data   RO         1277    .constdata          STemWin532_CM4_Keil.lib(f13_1.o)
    0x0800f4bb   0x0800f4bb   0x0000000d   Data   RO         1278    .constdata          STemWin532_CM4_Keil.lib(f13_1.o)
    0x0800f4c8   0x0800f4c8   0x0000000d   Data   RO         1279    .constdata          STemWin532_CM4_Keil.lib(f13_1.o)
    0x0800f4d5   0x0800f4d5   0x0000000d   Data   RO         1280    .constdata          STemWin532_CM4_Keil.lib(f13_1.o)
    0x0800f4e2   0x0800f4e2   0x0000001a   Data   RO         1281    .constdata          STemWin532_CM4_Keil.lib(f13_1.o)
    0x0800f4fc   0x0800f4fc   0x0000001a   Data   RO         1282    .constdata          STemWin532_CM4_Keil.lib(f13_1.o)
    0x0800f516   0x0800f516   0x0000001a   Data   RO         1283    .constdata          STemWin532_CM4_Keil.lib(f13_1.o)
    0x0800f530   0x0800f530   0x0000000d   Data   RO         1284    .constdata          STemWin532_CM4_Keil.lib(f13_1.o)
    0x0800f53d   0x0800f53d   0x0000000d   Data   RO         1285    .constdata          STemWin532_CM4_Keil.lib(f13_1.o)
    0x0800f54a   0x0800f54a   0x0000000d   Data   RO         1286    .constdata          STemWin532_CM4_Keil.lib(f13_1.o)
    0x0800f557   0x0800f557   0x0000000d   Data   RO         1287    .constdata          STemWin532_CM4_Keil.lib(f13_1.o)
    0x0800f564   0x0800f564   0x0000000d   Data   RO         1288    .constdata          STemWin532_CM4_Keil.lib(f13_1.o)
    0x0800f571   0x0800f571   0x0000000d   Data   RO         1289    .constdata          STemWin532_CM4_Keil.lib(f13_1.o)
    0x0800f57e   0x0800f57e   0x0000000d   Data   RO         1290    .constdata          STemWin532_CM4_Keil.lib(f13_1.o)
    0x0800f58b   0x0800f58b   0x0000001a   Data   RO         1291    .constdata          STemWin532_CM4_Keil.lib(f13_1.o)
    0x0800f5a5   0x0800f5a5   0x0000000d   Data   RO         1292    .constdata          STemWin532_CM4_Keil.lib(f13_1.o)
    0x0800f5b2   0x0800f5b2   0x0000000d   Data   RO         1293    .constdata          STemWin532_CM4_Keil.lib(f13_1.o)
    0x0800f5bf   0x0800f5bf   0x0000000d   Data   RO         1294    .constdata          STemWin532_CM4_Keil.lib(f13_1.o)
    0x0800f5cc   0x0800f5cc   0x0000000d   Data   RO         1295    .constdata          STemWin532_CM4_Keil.lib(f13_1.o)
    0x0800f5d9   0x0800f5d9   0x0000000d   Data   RO         1296    .constdata          STemWin532_CM4_Keil.lib(f13_1.o)
    0x0800f5e6   0x0800f5e6   0x0000000d   Data   RO         1297    .constdata          STemWin532_CM4_Keil.lib(f13_1.o)
    0x0800f5f3   0x0800f5f3   0x0000000d   Data   RO         1298    .constdata          STemWin532_CM4_Keil.lib(f13_1.o)
    0x0800f600   0x0800f600   0x0000000d   Data   RO         1299    .constdata          STemWin532_CM4_Keil.lib(f13_1.o)
    0x0800f60d   0x0800f60d   0x0000000d   Data   RO         1300    .constdata          STemWin532_CM4_Keil.lib(f13_1.o)
    0x0800f61a   0x0800f61a   0x0000000d   Data   RO         1301    .constdata          STemWin532_CM4_Keil.lib(f13_1.o)
    0x0800f627   0x0800f627   0x0000000d   Data   RO         1302    .constdata          STemWin532_CM4_Keil.lib(f13_1.o)
    0x0800f634   0x0800f634   0x0000000d   Data   RO         1303    .constdata          STemWin532_CM4_Keil.lib(f13_1.o)
    0x0800f641   0x0800f641   0x0000000d   Data   RO         1304    .constdata          STemWin532_CM4_Keil.lib(f13_1.o)
    0x0800f64e   0x0800f64e   0x0000000d   Data   RO         1305    .constdata          STemWin532_CM4_Keil.lib(f13_1.o)
    0x0800f65b   0x0800f65b   0x0000000d   Data   RO         1306    .constdata          STemWin532_CM4_Keil.lib(f13_1.o)
    0x0800f668   0x0800f668   0x0000000d   Data   RO         1307    .constdata          STemWin532_CM4_Keil.lib(f13_1.o)
    0x0800f675   0x0800f675   0x0000000d   Data   RO         1308    .constdata          STemWin532_CM4_Keil.lib(f13_1.o)
    0x0800f682   0x0800f682   0x0000000d   Data   RO         1309    .constdata          STemWin532_CM4_Keil.lib(f13_1.o)
    0x0800f68f   0x0800f68f   0x0000000d   Data   RO         1310    .constdata          STemWin532_CM4_Keil.lib(f13_1.o)
    0x0800f69c   0x0800f69c   0x0000000d   Data   RO         1311    .constdata          STemWin532_CM4_Keil.lib(f13_1.o)
    0x0800f6a9   0x0800f6a9   0x0000000d   Data   RO         1312    .constdata          STemWin532_CM4_Keil.lib(f13_1.o)
    0x0800f6b6   0x0800f6b6   0x0000000d   Data   RO         1313    .constdata          STemWin532_CM4_Keil.lib(f13_1.o)
    0x0800f6c3   0x0800f6c3   0x0000000d   Data   RO         1314    .constdata          STemWin532_CM4_Keil.lib(f13_1.o)
    0x0800f6d0   0x0800f6d0   0x0000000d   Data   RO         1315    .constdata          STemWin532_CM4_Keil.lib(f13_1.o)
    0x0800f6dd   0x0800f6dd   0x0000000d   Data   RO         1316    .constdata          STemWin532_CM4_Keil.lib(f13_1.o)
    0x0800f6ea   0x0800f6ea   0x0000000d   Data   RO         1317    .constdata          STemWin532_CM4_Keil.lib(f13_1.o)
    0x0800f6f7   0x0800f6f7   0x0000000d   Data   RO         1318    .constdata          STemWin532_CM4_Keil.lib(f13_1.o)
    0x0800f704   0x0800f704   0x0000000d   Data   RO         1319    .constdata          STemWin532_CM4_Keil.lib(f13_1.o)
    0x0800f711   0x0800f711   0x0000000d   Data   RO         1320    .constdata          STemWin532_CM4_Keil.lib(f13_1.o)
    0x0800f71e   0x0800f71e   0x0000000d   Data   RO         1321    .constdata          STemWin532_CM4_Keil.lib(f13_1.o)
    0x0800f72b   0x0800f72b   0x0000000d   Data   RO         1322    .constdata          STemWin532_CM4_Keil.lib(f13_1.o)
    0x0800f738   0x0800f738   0x0000001a   Data   RO         1323    .constdata          STemWin532_CM4_Keil.lib(f13_1.o)
    0x0800f752   0x0800f752   0x0000000d   Data   RO         1324    .constdata          STemWin532_CM4_Keil.lib(f13_1.o)
    0x0800f75f   0x0800f75f   0x0000000d   Data   RO         1325    .constdata          STemWin532_CM4_Keil.lib(f13_1.o)
    0x0800f76c   0x0800f76c   0x0000000d   Data   RO         1326    .constdata          STemWin532_CM4_Keil.lib(f13_1.o)
    0x0800f779   0x0800f779   0x0000000d   Data   RO         1327    .constdata          STemWin532_CM4_Keil.lib(f13_1.o)
    0x0800f786   0x0800f786   0x0000000d   Data   RO         1328    .constdata          STemWin532_CM4_Keil.lib(f13_1.o)
    0x0800f793   0x0800f793   0x0000000d   Data   RO         1329    .constdata          STemWin532_CM4_Keil.lib(f13_1.o)
    0x0800f7a0   0x0800f7a0   0x0000000d   Data   RO         1330    .constdata          STemWin532_CM4_Keil.lib(f13_1.o)
    0x0800f7ad   0x0800f7ad   0x0000000d   Data   RO         1331    .constdata          STemWin532_CM4_Keil.lib(f13_1.o)
    0x0800f7ba   0x0800f7ba   0x0000000d   Data   RO         1332    .constdata          STemWin532_CM4_Keil.lib(f13_1.o)
    0x0800f7c7   0x0800f7c7   0x0000000d   Data   RO         1333    .constdata          STemWin532_CM4_Keil.lib(f13_1.o)
    0x0800f7d4   0x0800f7d4   0x0000000d   Data   RO         1334    .constdata          STemWin532_CM4_Keil.lib(f13_1.o)
    0x0800f7e1   0x0800f7e1   0x0000000d   Data   RO         1335    .constdata          STemWin532_CM4_Keil.lib(f13_1.o)
    0x0800f7ee   0x0800f7ee   0x0000000d   Data   RO         1336    .constdata          STemWin532_CM4_Keil.lib(f13_1.o)
    0x0800f7fb   0x0800f7fb   0x0000000d   Data   RO         1337    .constdata          STemWin532_CM4_Keil.lib(f13_1.o)
    0x0800f808   0x0800f808   0x0000000d   Data   RO         1338    .constdata          STemWin532_CM4_Keil.lib(f13_1.o)
    0x0800f815   0x0800f815   0x0000000d   Data   RO         1339    .constdata          STemWin532_CM4_Keil.lib(f13_1.o)
    0x0800f822   0x0800f822   0x0000000d   Data   RO         1340    .constdata          STemWin532_CM4_Keil.lib(f13_1.o)
    0x0800f82f   0x0800f82f   0x0000000d   Data   RO         1341    .constdata          STemWin532_CM4_Keil.lib(f13_1.o)
    0x0800f83c   0x0800f83c   0x0000000d   Data   RO         1342    .constdata          STemWin532_CM4_Keil.lib(f13_1.o)
    0x0800f849   0x0800f849   0x0000000d   Data   RO         1343    .constdata          STemWin532_CM4_Keil.lib(f13_1.o)
    0x0800f856   0x0800f856   0x0000000d   Data   RO         1344    .constdata          STemWin532_CM4_Keil.lib(f13_1.o)
    0x0800f863   0x0800f863   0x0000000d   Data   RO         1345    .constdata          STemWin532_CM4_Keil.lib(f13_1.o)
    0x0800f870   0x0800f870   0x0000000d   Data   RO         1346    .constdata          STemWin532_CM4_Keil.lib(f13_1.o)
    0x0800f87d   0x0800f87d   0x0000000d   Data   RO         1347    .constdata          STemWin532_CM4_Keil.lib(f13_1.o)
    0x0800f88a   0x0800f88a   0x0000000d   Data   RO         1348    .constdata          STemWin532_CM4_Keil.lib(f13_1.o)
    0x0800f897   0x0800f897   0x00000001   PAD
    0x0800f898   0x0800f898   0x00000300   Data   RO         1349    .constdata          STemWin532_CM4_Keil.lib(f13_1.o)
    0x0800fb98   0x0800fb98   0x0000000c   Data   RO         1350    .constdata          STemWin532_CM4_Keil.lib(f13_1.o)
    0x0800fba4   0x0800fba4   0x00000024   Data   RO         1351    .constdata          STemWin532_CM4_Keil.lib(f13_1.o)
    0x0800fbc8   0x0800fbc8   0x00000074   Data   RO         1378    .constdata          STemWin532_CM4_Keil.lib(guidev_16.o)
    0x0800fc3c   0x0800fc3c   0x00000004   Data   RO         1416    .constdata          STemWin532_CM4_Keil.lib(progbar_skinflex.o)
    0x0800fc40   0x0800fc40   0x0000001c   Data   RO         1449    .constdata          STemWin532_CM4_Keil.lib(widget_effect_none.o)
    0x0800fc5c   0x0800fc5c   0x00000028   Data   RO         1543    .constdata          STemWin532_CM4_Keil.lib(gui_adddecshift.o)
    0x0800fc84   0x0800fc84   0x00000018   Data   RO         1667    .constdata          STemWin532_CM4_Keil.lib(guicc_0.o)
    0x0800fc9c   0x0800fc9c   0x00000018   Data   RO         1672    .constdata          STemWin532_CM4_Keil.lib(guicc_8888.o)
    0x0800fcb4   0x0800fcb4   0x00000100   Data   RO         1674    .constdata          STemWin532_CM4_Keil.lib(lcd_mirror.o)
    0x0800fdb4   0x0800fdb4   0x0000000d   Data   RO         1676    .constdata          STemWin532_CM4_Keil.lib(f13_ascii.o)
    0x0800fdc1   0x0800fdc1   0x0000000d   Data   RO         1677    .constdata          STemWin532_CM4_Keil.lib(f13_ascii.o)
    0x0800fdce   0x0800fdce   0x0000000d   Data   RO         1678    .constdata          STemWin532_CM4_Keil.lib(f13_ascii.o)
    0x0800fddb   0x0800fddb   0x0000000d   Data   RO         1679    .constdata          STemWin532_CM4_Keil.lib(f13_ascii.o)
    0x0800fde8   0x0800fde8   0x0000000d   Data   RO         1680    .constdata          STemWin532_CM4_Keil.lib(f13_ascii.o)
    0x0800fdf5   0x0800fdf5   0x0000001a   Data   RO         1681    .constdata          STemWin532_CM4_Keil.lib(f13_ascii.o)
    0x0800fe0f   0x0800fe0f   0x0000000d   Data   RO         1682    .constdata          STemWin532_CM4_Keil.lib(f13_ascii.o)
    0x0800fe1c   0x0800fe1c   0x0000000d   Data   RO         1683    .constdata          STemWin532_CM4_Keil.lib(f13_ascii.o)
    0x0800fe29   0x0800fe29   0x0000000d   Data   RO         1684    .constdata          STemWin532_CM4_Keil.lib(f13_ascii.o)
    0x0800fe36   0x0800fe36   0x0000000d   Data   RO         1685    .constdata          STemWin532_CM4_Keil.lib(f13_ascii.o)
    0x0800fe43   0x0800fe43   0x0000000d   Data   RO         1686    .constdata          STemWin532_CM4_Keil.lib(f13_ascii.o)
    0x0800fe50   0x0800fe50   0x0000000d   Data   RO         1687    .constdata          STemWin532_CM4_Keil.lib(f13_ascii.o)
    0x0800fe5d   0x0800fe5d   0x0000000d   Data   RO         1688    .constdata          STemWin532_CM4_Keil.lib(f13_ascii.o)
    0x0800fe6a   0x0800fe6a   0x0000000d   Data   RO         1689    .constdata          STemWin532_CM4_Keil.lib(f13_ascii.o)
    0x0800fe77   0x0800fe77   0x0000000d   Data   RO         1690    .constdata          STemWin532_CM4_Keil.lib(f13_ascii.o)
    0x0800fe84   0x0800fe84   0x0000000d   Data   RO         1691    .constdata          STemWin532_CM4_Keil.lib(f13_ascii.o)
    0x0800fe91   0x0800fe91   0x0000000d   Data   RO         1692    .constdata          STemWin532_CM4_Keil.lib(f13_ascii.o)
    0x0800fe9e   0x0800fe9e   0x0000000d   Data   RO         1693    .constdata          STemWin532_CM4_Keil.lib(f13_ascii.o)
    0x0800feab   0x0800feab   0x0000000d   Data   RO         1694    .constdata          STemWin532_CM4_Keil.lib(f13_ascii.o)
    0x0800feb8   0x0800feb8   0x0000000d   Data   RO         1695    .constdata          STemWin532_CM4_Keil.lib(f13_ascii.o)
    0x0800fec5   0x0800fec5   0x0000000d   Data   RO         1696    .constdata          STemWin532_CM4_Keil.lib(f13_ascii.o)
    0x0800fed2   0x0800fed2   0x0000000d   Data   RO         1697    .constdata          STemWin532_CM4_Keil.lib(f13_ascii.o)
    0x0800fedf   0x0800fedf   0x0000000d   Data   RO         1698    .constdata          STemWin532_CM4_Keil.lib(f13_ascii.o)
    0x0800feec   0x0800feec   0x0000000d   Data   RO         1699    .constdata          STemWin532_CM4_Keil.lib(f13_ascii.o)
    0x0800fef9   0x0800fef9   0x0000000d   Data   RO         1700    .constdata          STemWin532_CM4_Keil.lib(f13_ascii.o)
    0x0800ff06   0x0800ff06   0x0000000d   Data   RO         1701    .constdata          STemWin532_CM4_Keil.lib(f13_ascii.o)
    0x0800ff13   0x0800ff13   0x0000000d   Data   RO         1702    .constdata          STemWin532_CM4_Keil.lib(f13_ascii.o)
    0x0800ff20   0x0800ff20   0x0000000d   Data   RO         1703    .constdata          STemWin532_CM4_Keil.lib(f13_ascii.o)
    0x0800ff2d   0x0800ff2d   0x0000000d   Data   RO         1704    .constdata          STemWin532_CM4_Keil.lib(f13_ascii.o)
    0x0800ff3a   0x0800ff3a   0x0000000d   Data   RO         1705    .constdata          STemWin532_CM4_Keil.lib(f13_ascii.o)
    0x0800ff47   0x0800ff47   0x0000000d   Data   RO         1706    .constdata          STemWin532_CM4_Keil.lib(f13_ascii.o)
    0x0800ff54   0x0800ff54   0x0000000d   Data   RO         1707    .constdata          STemWin532_CM4_Keil.lib(f13_ascii.o)
    0x0800ff61   0x0800ff61   0x0000001a   Data   RO         1708    .constdata          STemWin532_CM4_Keil.lib(f13_ascii.o)
    0x0800ff7b   0x0800ff7b   0x0000000d   Data   RO         1709    .constdata          STemWin532_CM4_Keil.lib(f13_ascii.o)
    0x0800ff88   0x0800ff88   0x0000000d   Data   RO         1710    .constdata          STemWin532_CM4_Keil.lib(f13_ascii.o)
    0x0800ff95   0x0800ff95   0x0000000d   Data   RO         1711    .constdata          STemWin532_CM4_Keil.lib(f13_ascii.o)
    0x0800ffa2   0x0800ffa2   0x0000000d   Data   RO         1712    .constdata          STemWin532_CM4_Keil.lib(f13_ascii.o)
    0x0800ffaf   0x0800ffaf   0x0000000d   Data   RO         1713    .constdata          STemWin532_CM4_Keil.lib(f13_ascii.o)
    0x0800ffbc   0x0800ffbc   0x0000000d   Data   RO         1714    .constdata          STemWin532_CM4_Keil.lib(f13_ascii.o)
    0x0800ffc9   0x0800ffc9   0x0000000d   Data   RO         1715    .constdata          STemWin532_CM4_Keil.lib(f13_ascii.o)
    0x0800ffd6   0x0800ffd6   0x0000000d   Data   RO         1716    .constdata          STemWin532_CM4_Keil.lib(f13_ascii.o)
    0x0800ffe3   0x0800ffe3   0x0000000d   Data   RO         1717    .constdata          STemWin532_CM4_Keil.lib(f13_ascii.o)
    0x0800fff0   0x0800fff0   0x0000000d   Data   RO         1718    .constdata          STemWin532_CM4_Keil.lib(f13_ascii.o)
    0x0800fffd   0x0800fffd   0x0000000d   Data   RO         1719    .constdata          STemWin532_CM4_Keil.lib(f13_ascii.o)
    0x0801000a   0x0801000a   0x0000000d   Data   RO         1720    .constdata          STemWin532_CM4_Keil.lib(f13_ascii.o)
    0x08010017   0x08010017   0x0000000d   Data   RO         1721    .constdata          STemWin532_CM4_Keil.lib(f13_ascii.o)
    0x08010024   0x08010024   0x0000000d   Data   RO         1722    .constdata          STemWin532_CM4_Keil.lib(f13_ascii.o)
    0x08010031   0x08010031   0x0000000d   Data   RO         1723    .constdata          STemWin532_CM4_Keil.lib(f13_ascii.o)
    0x0801003e   0x0801003e   0x0000000d   Data   RO         1724    .constdata          STemWin532_CM4_Keil.lib(f13_ascii.o)
    0x0801004b   0x0801004b   0x0000000d   Data   RO         1725    .constdata          STemWin532_CM4_Keil.lib(f13_ascii.o)
    0x08010058   0x08010058   0x0000000d   Data   RO         1726    .constdata          STemWin532_CM4_Keil.lib(f13_ascii.o)
    0x08010065   0x08010065   0x0000000d   Data   RO         1727    .constdata          STemWin532_CM4_Keil.lib(f13_ascii.o)
    0x08010072   0x08010072   0x0000000d   Data   RO         1728    .constdata          STemWin532_CM4_Keil.lib(f13_ascii.o)
    0x0801007f   0x0801007f   0x0000000d   Data   RO         1729    .constdata          STemWin532_CM4_Keil.lib(f13_ascii.o)
    0x0801008c   0x0801008c   0x0000000d   Data   RO         1730    .constdata          STemWin532_CM4_Keil.lib(f13_ascii.o)
    0x08010099   0x08010099   0x0000001a   Data   RO         1731    .constdata          STemWin532_CM4_Keil.lib(f13_ascii.o)
    0x080100b3   0x080100b3   0x0000000d   Data   RO         1732    .constdata          STemWin532_CM4_Keil.lib(f13_ascii.o)
    0x080100c0   0x080100c0   0x0000000d   Data   RO         1733    .constdata          STemWin532_CM4_Keil.lib(f13_ascii.o)
    0x080100cd   0x080100cd   0x0000000d   Data   RO         1734    .constdata          STemWin532_CM4_Keil.lib(f13_ascii.o)
    0x080100da   0x080100da   0x0000000d   Data   RO         1735    .constdata          STemWin532_CM4_Keil.lib(f13_ascii.o)
    0x080100e7   0x080100e7   0x0000000d   Data   RO         1736    .constdata          STemWin532_CM4_Keil.lib(f13_ascii.o)
    0x080100f4   0x080100f4   0x0000000d   Data   RO         1737    .constdata          STemWin532_CM4_Keil.lib(f13_ascii.o)
    0x08010101   0x08010101   0x0000000d   Data   RO         1738    .constdata          STemWin532_CM4_Keil.lib(f13_ascii.o)
    0x0801010e   0x0801010e   0x0000000d   Data   RO         1739    .constdata          STemWin532_CM4_Keil.lib(f13_ascii.o)
    0x0801011b   0x0801011b   0x0000000d   Data   RO         1740    .constdata          STemWin532_CM4_Keil.lib(f13_ascii.o)
    0x08010128   0x08010128   0x0000000d   Data   RO         1741    .constdata          STemWin532_CM4_Keil.lib(f13_ascii.o)
    0x08010135   0x08010135   0x0000000d   Data   RO         1742    .constdata          STemWin532_CM4_Keil.lib(f13_ascii.o)
    0x08010142   0x08010142   0x0000000d   Data   RO         1743    .constdata          STemWin532_CM4_Keil.lib(f13_ascii.o)
    0x0801014f   0x0801014f   0x0000000d   Data   RO         1744    .constdata          STemWin532_CM4_Keil.lib(f13_ascii.o)
    0x0801015c   0x0801015c   0x0000000d   Data   RO         1745    .constdata          STemWin532_CM4_Keil.lib(f13_ascii.o)
    0x08010169   0x08010169   0x0000000d   Data   RO         1746    .constdata          STemWin532_CM4_Keil.lib(f13_ascii.o)
    0x08010176   0x08010176   0x0000000d   Data   RO         1747    .constdata          STemWin532_CM4_Keil.lib(f13_ascii.o)
    0x08010183   0x08010183   0x0000000d   Data   RO         1748    .constdata          STemWin532_CM4_Keil.lib(f13_ascii.o)
    0x08010190   0x08010190   0x0000000d   Data   RO         1749    .constdata          STemWin532_CM4_Keil.lib(f13_ascii.o)
    0x0801019d   0x0801019d   0x0000000d   Data   RO         1750    .constdata          STemWin532_CM4_Keil.lib(f13_ascii.o)
    0x080101aa   0x080101aa   0x0000000d   Data   RO         1751    .constdata          STemWin532_CM4_Keil.lib(f13_ascii.o)
    0x080101b7   0x080101b7   0x0000000d   Data   RO         1752    .constdata          STemWin532_CM4_Keil.lib(f13_ascii.o)
    0x080101c4   0x080101c4   0x0000000d   Data   RO         1753    .constdata          STemWin532_CM4_Keil.lib(f13_ascii.o)
    0x080101d1   0x080101d1   0x0000000d   Data   RO         1754    .constdata          STemWin532_CM4_Keil.lib(f13_ascii.o)
    0x080101de   0x080101de   0x0000000d   Data   RO         1755    .constdata          STemWin532_CM4_Keil.lib(f13_ascii.o)
    0x080101eb   0x080101eb   0x0000000d   Data   RO         1756    .constdata          STemWin532_CM4_Keil.lib(f13_ascii.o)
    0x080101f8   0x080101f8   0x0000000d   Data   RO         1757    .constdata          STemWin532_CM4_Keil.lib(f13_ascii.o)
    0x08010205   0x08010205   0x0000000d   Data   RO         1758    .constdata          STemWin532_CM4_Keil.lib(f13_ascii.o)
    0x08010212   0x08010212   0x0000000d   Data   RO         1759    .constdata          STemWin532_CM4_Keil.lib(f13_ascii.o)
    0x0801021f   0x0801021f   0x0000000d   Data   RO         1760    .constdata          STemWin532_CM4_Keil.lib(f13_ascii.o)
    0x0801022c   0x0801022c   0x0000000d   Data   RO         1761    .constdata          STemWin532_CM4_Keil.lib(f13_ascii.o)
    0x08010239   0x08010239   0x0000000d   Data   RO         1762    .constdata          STemWin532_CM4_Keil.lib(f13_ascii.o)
    0x08010246   0x08010246   0x0000000d   Data   RO         1763    .constdata          STemWin532_CM4_Keil.lib(f13_ascii.o)
    0x08010253   0x08010253   0x0000000d   Data   RO         1764    .constdata          STemWin532_CM4_Keil.lib(f13_ascii.o)
    0x08010260   0x08010260   0x0000000d   Data   RO         1765    .constdata          STemWin532_CM4_Keil.lib(f13_ascii.o)
    0x0801026d   0x0801026d   0x0000000d   Data   RO         1766    .constdata          STemWin532_CM4_Keil.lib(f13_ascii.o)
    0x0801027a   0x0801027a   0x0000000d   Data   RO         1767    .constdata          STemWin532_CM4_Keil.lib(f13_ascii.o)
    0x08010287   0x08010287   0x0000000d   Data   RO         1768    .constdata          STemWin532_CM4_Keil.lib(f13_ascii.o)
    0x08010294   0x08010294   0x0000000d   Data   RO         1769    .constdata          STemWin532_CM4_Keil.lib(f13_ascii.o)
    0x080102a1   0x080102a1   0x0000000d   Data   RO         1770    .constdata          STemWin532_CM4_Keil.lib(f13_ascii.o)
    0x080102ae   0x080102ae   0x00000002   PAD
    0x080102b0   0x080102b0   0x000002f8   Data   RO         1771    .constdata          STemWin532_CM4_Keil.lib(f13_ascii.o)
    0x080105a8   0x080105a8   0x0000000c   Data   RO         1772    .constdata          STemWin532_CM4_Keil.lib(f13_ascii.o)
    0x080105b4   0x080105b4   0x00000074   Data   RO         1791    .constdata          STemWin532_CM4_Keil.lib(guidev_32.o)
    0x08010628   0x08010628   0x00000018   Data   RO         1811    .constdata          STemWin532_CM4_Keil.lib(guidev_usagebm.o)
    0x08010640   0x08010640   0x00000008   Data   RO         1821    .constdata          STemWin532_CM4_Keil.lib(guidev_writetoactiveopaque.o)
    0x08010648   0x08010648   0x0000001c   Data   RO         1837    .constdata          STemWin532_CM4_Keil.lib(widget_effect_simple.o)
    0x08010664   0x08010664   0x00000013   Data   RO          569    .conststring        processbardlg.o
    0x08010677   0x08010677   0x00000001   PAD
    0x08010678   0x08010678   0x00000020   Data   RO         2018    Region$$Table       anon$$obj.o


    Execution Region RW_IRAM1 (Exec base: 0x20000000, Load base: 0x08010698, Size: 0x00005a10, Max: 0x00010000, ABSOLUTE, COMPRESSED[0x000000e4])

    Exec Addr    Load Addr    Size         Type   Attr      Idx    E Section Name        Object

    0x20000000   COMPRESSED   0x00000004   Data   RW          226    .data               stm32l4xx_hal.o
    0x20000004   COMPRESSED   0x00000004   Data   RW          514    .data               system_stm32l4xx.o
    0x20000008   COMPRESSED   0x00000004   Data   RW          553    .data               gui_x.o
    0x2000000c   COMPRESSED   0x0000000a   Data   RW          570    .data               processbardlg.o
    0x20000016   COMPRESSED   0x00000002   PAD
    0x20000018   COMPRESSED   0x00000008   Data   RW          609    .data               STemWin532_CM4_Keil.lib(gui_alloc.o)
    0x20000020   COMPRESSED   0x0000002c   Data   RW          623    .data               STemWin532_CM4_Keil.lib(gui_core.o)
    0x2000004c   COMPRESSED   0x00000004   Data   RW          624    .data               STemWin532_CM4_Keil.lib(gui_core.o)
    0x20000050   COMPRESSED   0x00000004   Data   RW          626    .data               STemWin532_CM4_Keil.lib(gui_core.o)
    0x20000054   COMPRESSED   0x00000004   Data   RW          627    .data               STemWin532_CM4_Keil.lib(gui_core.o)
    0x20000058   COMPRESSED   0x00000004   Data   RW          628    .data               STemWin532_CM4_Keil.lib(gui_core.o)
    0x2000005c   COMPRESSED   0x00000004   Data   RW          629    .data               STemWin532_CM4_Keil.lib(gui_core.o)
    0x20000060   COMPRESSED   0x00000004   Data   RW          630    .data               STemWin532_CM4_Keil.lib(gui_core.o)
    0x20000064   COMPRESSED   0x00000002   Data   RW          631    .data               STemWin532_CM4_Keil.lib(gui_core.o)
    0x20000066   COMPRESSED   0x00000001   Data   RW          632    .data               STemWin532_CM4_Keil.lib(gui_core.o)
    0x20000067   COMPRESSED   0x00000001   PAD
    0x20000068   COMPRESSED   0x00000004   Data   RW          633    .data               STemWin532_CM4_Keil.lib(gui_core.o)
    0x2000006c   COMPRESSED   0x00000002   Data   RW          634    .data               STemWin532_CM4_Keil.lib(gui_core.o)
    0x2000006e   COMPRESSED   0x00000002   Data   RW          635    .data               STemWin532_CM4_Keil.lib(gui_core.o)
    0x20000070   COMPRESSED   0x00000008   Data   RW          655    .data               STemWin532_CM4_Keil.lib(guicc_m565.o)
    0x20000078   COMPRESSED   0x0000001c   Data   RW          736    .data               STemWin532_CM4_Keil.lib(guidrv_flexcolor.o)
    0x20000094   COMPRESSED   0x00000008   Data   RW          768    .data               STemWin532_CM4_Keil.lib(guidrv_flexcolor_func66709.o)
    0x2000009c   COMPRESSED   0x00000030   Data   RW         1000    .data               STemWin532_CM4_Keil.lib(framewin.o)
    0x200000cc   COMPRESSED   0x0000001c   Data   RW         1016    .data               STemWin532_CM4_Keil.lib(progbar.o)
    0x200000e8   COMPRESSED   0x00000064   Data   RW         1077    .data               STemWin532_CM4_Keil.lib(wm.o)
    0x2000014c   COMPRESSED   0x00000001   Data   RW         1078    .data               STemWin532_CM4_Keil.lib(wm.o)
    0x2000014d   COMPRESSED   0x00000003   PAD
    0x20000150   COMPRESSED   0x00000018   Data   RW         1095    .data               STemWin532_CM4_Keil.lib(gui__managecache.o)
    0x20000168   COMPRESSED   0x00000024   Data   RW         1135    .data               STemWin532_CM4_Keil.lib(gui_multibuf.o)
    0x2000018c   COMPRESSED   0x00000010   Data   RW         1147    .data               STemWin532_CM4_Keil.lib(gui_onkey.o)
    0x2000019c   COMPRESSED   0x0000000c   Data   RW         1180    .data               STemWin532_CM4_Keil.lib(gui_waitevent.o)
    0x200001a8   COMPRESSED   0x00000004   Data   RW         1200    .data               STemWin532_CM4_Keil.lib(lcd.o)
    0x200001ac   COMPRESSED   0x00000010   Data   RW         1208    .data               STemWin532_CM4_Keil.lib(lcd_color.o)
    0x200001bc   COMPRESSED   0x00000008   Data   RW         1251    .data               STemWin532_CM4_Keil.lib(lcd_getex.o)
    0x200001c4   COMPRESSED   0x00000004   Data   RW         1382    .data               STemWin532_CM4_Keil.lib(guidev_banding.o)
    0x200001c8   COMPRESSED   0x00000001   Data   RW         1394    .data               STemWin532_CM4_Keil.lib(guidev_staticdevices.o)
    0x200001c9   COMPRESSED   0x00000003   PAD
    0x200001cc   COMPRESSED   0x00000014   Data   RW         1401    .data               STemWin532_CM4_Keil.lib(framewin_skin.o)
    0x200001e0   COMPRESSED   0x00000058   Data   RW         1406    .data               STemWin532_CM4_Keil.lib(framewin_skinflex.o)
    0x20000238   COMPRESSED   0x0000000c   Data   RW         1411    .data               STemWin532_CM4_Keil.lib(progbar_skin.o)
    0x20000244   COMPRESSED   0x00000028   Data   RW         1417    .data               STemWin532_CM4_Keil.lib(progbar_skinflex.o)
    0x2000026c   COMPRESSED   0x00000004   Data   RW         1443    .data               STemWin532_CM4_Keil.lib(widget.o)
    0x20000270   COMPRESSED   0x00000004   Data   RW         1454    .data               STemWin532_CM4_Keil.lib(wm__sendmessage.o)
    0x20000274   COMPRESSED   0x00000004   Data   RW         1484    .data               STemWin532_CM4_Keil.lib(wm_setcapturemove.o)
    0x20000278   COMPRESSED   0x00000028   Data   RW         1524    .data               STemWin532_CM4_Keil.lib(gui__alpha.o)
    0x200002a0   COMPRESSED   0x00000004   Data   RW         1550    .data               STemWin532_CM4_Keil.lib(gui_charline.o)
    0x200002a4   COMPRESSED   0x00000014   Data   RW         1661    .data               STemWin532_CM4_Keil.lib(gui_timer.o)
    0x200002b8   COMPRESSED   0x00000004   Data   RW         1838    .data               STemWin532_CM4_Keil.lib(widget_effect_simple.o)
    0x200002bc   COMPRESSED   0x00000004   Data   RW         1967    .data               STemWin532_CM4_Keil.lib(lcd_aa.o)
    0x200002c0        -       0x00000064   Zero   RW           22    .bss                spi.o
    0x20000324        -       0x00000078   Zero   RW           30    .bss                usart.o
    0x2000039c        -       0x00000480   Zero   RW          543    .bss                lcd.o
    0x2000081c        -       0x00004000   Zero   RW          555    .bss                guiconf.o
    0x2000481c        -       0x000000cc   Zero   RW          608    .bss                STemWin532_CM4_Keil.lib(gui_alloc.o)
    0x200048e8        -       0x00000070   Zero   RW          621    .bss                STemWin532_CM4_Keil.lib(gui_core.o)
    0x20004958        -       0x00000018   Zero   RW         1075    .bss                STemWin532_CM4_Keil.lib(wm.o)
    0x20004970        -       0x00000058   Zero   RW         1146    .bss                STemWin532_CM4_Keil.lib(gui_onkey.o)
    0x200049c8        -       0x00000048   Zero   RW         1507    .bss                STemWin532_CM4_Keil.lib(wm_touch.o)
    0x20004a10        -       0x00001000   Zero   RW            1    STACK               startup_stm32l431xx.o


==============================================================================

Image component sizes


      Code (inc. data)   RO Data    RW Data    ZI Data      Debug   Object Name

       172         12          0          0          0          0   gpio.o
        40         10          0          4          0          0   gui_x.o
        28          8          0          0      16384          0   guiconf.o
       718         30          0          0       1152          0   lcd.o
       214         30          0          0          0          0   lcdconf_flexcolor_template.o
       276         24          0          0          0          0   main.o
       244         58         75         10          0          0   processbardlg.o
       244         46          0          0        100          0   spi.o
        36          8        396          0       4096          0   startup_stm32l431xx.o
       138         14          0          4          0          0   stm32l4xx_hal.o
       328         22          0          0          0          0   stm32l4xx_hal_cortex.o
       466         28          0          0          0          0   stm32l4xx_hal_gpio.o
       144          4          0          0          0          0   stm32l4xx_hal_msp.o
       156         18          0          0          0          0   stm32l4xx_hal_pwr_ex.o
      2572         98          0          0          0          0   stm32l4xx_hal_rcc.o
      1296         26          0          0          0          0   stm32l4xx_hal_rcc_ex.o
      1114          0          0          0          0          0   stm32l4xx_hal_spi.o
      1634         36          0          0          0          0   stm32l4xx_hal_uart.o
        52          6          0          0          0          0   stm32l4xx_it.o
        80         12         72          4          0          0   system_stm32l4xx.o
       172         34          0          0        120          0   usart.o

    ----------------------------------------------------------------------
     10148        524        576         24      21852          0   Object Totals
         0          0         32          0          0          0   (incl. Generated)
        24          0          1          2          0          0   (incl. Padding)

    ----------------------------------------------------------------------

      Code (inc. data)   RO Data    RW Data    ZI Data      Debug   Library Member Name

       164          0          0          0          0          0   dialog.o
         0          0       2155          0          0          0   f13_1.o
         0          0       2046          0          0          0   f13_ascii.o
         0          0       2696          0          0          0   f16b_ascii.o
         0          0       1816          0          0          0   f6x8.o
         0          0       3578          0          0          0   fcomic18b_ascii.o
      1782         20          0         48          0          0   framewin.o
       230          0          0          0          0          0   framewin__updatebuttons.o
        64          0          0          0          0          0   framewin_createindirect.o
        32          0          0          0          0          0   framewin_get.o
        96          0          0          0          0          0   framewin_setfont.o
       120          0          0          0          0          0   framewin_settitleheight.o
       372          0          0         20          0          0   framewin_skin.o
       892          4          0         88          0          0   framewin_skinflex.o
       124          4          0          0          0          0   gui_2dlib.o
       874         38          0         40          0          0   gui__alpha.o
       664          0          0          0          0          0   gui__compactpixelindices.o
         0          0        256          0          0          0   gui__divtbl_255_31.o
         0          0        256          0          0          0   gui__divtbl_255_63.o
         0          0         32          0          0          0   gui__divtbl_31_255.o
         0          0         64          0          0          0   gui__divtbl_63_255.o
       452          6          0          0          0          0   gui__drawtwinarc.o
       338          0          0          0          0          0   gui__expandpixelindices.o
        20          4          0          0          0          0   gui__getfontsizey.o
        26          0          0          0          0          0   gui__getnumchars.o
        24          0          0          0          0          0   gui__handleeoline.o
        58          0          0          0          0          0   gui__intersectrect.o
        82          0          0          0          0          0   gui__intersectrects.o
       228          8          0         24          0          0   gui__managecache.o
        76          0          0          0          0          0   gui__memset.o
        60          0          0          0          0          0   gui__memset16.o
        26          0          0          0          0          0   gui__reducerect.o
       108          0          0          0          0          0   gui__settext.o
        26          0          0          0          0          0   gui__sqrt32.o
        68          4          0          0          0          0   gui__strcmp.o
        22          0          0          0          0          0   gui__strlen.o
        26          0          0          0          0          0   gui_adddecmin.o
       196         16         40          0          0          0   gui_adddecshift.o
      1828        104          0          8        204          0   gui_alloc.o
        36          0          0          0          0          0   gui_alloc_alloczero.o
        60          0          0          0          0          0   gui_calccolordist.o
        96         22          0          0          0          0   gui_char.o
       458         36          0          4          0          0   gui_charline.o
       400         12          0          0          0          0   gui_charm.o
       316         10          0          0          0          0   gui_charp.o
       492         76          8         79        112          0   gui_core.o
       344         24          0          0          0          0   gui_device.o
       262          4          0          0          0          0   gui_dispstring.o
        16          4          0          0          0          0   gui_dispstringat.o
       406          4          0          0          0          0   gui_dispstringinrect.o
       612         18          0          0          0          0   gui_drawgradient.o
        76          6          0          0          0          0   gui_drawhline.o
        64          4          0          0          0          0   gui_drawpixel.o
        64          4          0          0          0          0   gui_drawvline.o
        68          8          0          0          0          0   gui_exec.o
        72          4          0          0          0          0   gui_fillrect.o
        20          0          0          0          0          0   gui_fillrectex.o
        10          0          0          0          0          0   gui_getclientrect.o
        28          0          0          0          0          0   gui_getcolor.o
         4          0          0          0          0          0   gui_getfontsizey.o
        32         10          0          0          0          0   gui_getorg.o
        20          0          0          0          0          0   gui_getstringdistx.o
        10          0          0          0          0          0   gui_getysizeoffont.o
        52         12          0          0          0          0   gui_goto.o
        88          0          0          0          0          0   gui_mergerect.o
        30          0          0          0          0          0   gui_moverect.o
       252         32          8         36          0          0   gui_multibuf.o
        94         14          0         16         88          0   gui_onkey.o
        16          4          0          0          0          0   gui_pen.o
        78          0          0          0          0          0   gui_realloc.o
        56          0          0          0          0          0   gui_rectsintersect.o
        32         10          0          0          0          0   gui_savecontext.o
        48         10          0          0          0          0   gui_selectlayer.o
        18          0          0          0          0          0   gui_selectlcd.o
        36          4          0          0          0          0   gui_setalpha.o
         8          0          0          0          0          0   gui_setcolor.o
        64          6          0          0          0          0   gui_setdefault.o
         4          0          0          0          0          0   gui_setdrawmode.o
        20          6          0          0          0          0   gui_setfont.o
        16          4          0          0          0          0   gui_setlinestyle.o
        56         18          0          0          0          0   gui_setorg.o
        20          6          0          0          0          0   gui_settextalign.o
        20          6          0          0          0          0   gui_settextmode.o
        42          0          0          0          0          0   gui_time.o
       332         16          0         20          0          0   gui_timer.o
        84         10          0          0          0          0   gui_uc.o
        18          0         16          0          0          0   gui_uc_encodenone.o
        16          4          0         12          0          0   gui_waitevent.o
       198          0         24          0          0          0   guicc_0.o
        36          0         24          0          0          0   guicc_8888.o
         2          0          0          0          0          0   guicc_8888_index2color.o
         2          0          0          0          0          0   guicc_888_index2color.o
       258         46         24          8          0          0   guicc_m565.o
       768         38          0          0          0          0   guidev.o
      2328         60        116          0          0          0   guidev_16.o
      2414         62        116          0          0          0   guidev_32.o
       346         12          0          4          0          0   guidev_banding.o
        60          6          0          0          0          0   guidev_clear.o
        26          0          0          0          0          0   guidev_getdataptr.o
        40          6          0          0          0          0   guidev_getysize.o
        44          4          0          0          0          0   guidev_reduceysize.o
        88          4          0          0          0          0   guidev_setorg.o
       358         20          0          1          0          0   guidev_staticdevices.o
        76          0          0          0          0          0   guidev_usage.o
       416          6         24          0          0          0   guidev_usagebm.o
       106          4          0          0          0          0   guidev_write.o
       406         14          0          0          0          0   guidev_writetoactivealpha.o
      1898         18          8          0          0          0   guidev_writetoactiveopaque.o
      1506         76        116         28          0          0   guidrv_flexcolor.o
      1886         62          0          0          0          0   guidrv_flexcolor_16bpp_c0b8.o
       886         56          0          8          0          0   guidrv_flexcolor_func66709.o
      1742        118         12          4          0          0   lcd.o
        16          6          0          4          0          0   lcd_aa.o
       272         30          0         16          0          0   lcd_color.o
        32         12          0          0          0          0   lcd_getcolorindex.o
       432         48          0          8          0          0   lcd_getex.o
        26          0          0          0          0          0   lcd_getnumdisplays.o
         0          0        256          0          0          0   lcd_mirror.o
       510         18          0          0          0          0   lcd_readrect.o
        64          8          0          0          0          0   lcd_selectlcd.o
       132          0          0          0          0          0   lcd_set.o
        48         10          0          0          0          0   lcd_setcliprectex.o
        36          4          0          0          0          0   lcd_updatecolorindices.o
       858         12          0         28          0          0   progbar.o
        56          0          0          0          0          0   progbar_createindirect.o
        30          0          0          0          0          0   progbar_setfont.o
        50          0          0          0          0          0   progbar_setminmax.o
       358          0          0         12          0          0   progbar_skin.o
       398         12          4         40          0          0   progbar_skinflex.o
       404          4          0          4          0          0   widget.o
        10          0         28          0          0          0   widget_effect_none.o
       144         12         28          4          0          0   widget_effect_simple.o
        22          0          0          0          0          0   widget_seteffect.o
      4630        228          0        101         24          0   wm.o
        44          0          0          0          0          0   wm__foreachdesc.o
        18          0          0          0          0          0   wm__getfirstsibling.o
        40          8          0          0          0          0   wm__getfocussedchild.o
        24          0          0          0          0          0   wm__getlastsibling.o
        36          0          0          0          0          0   wm__getprevsibling.o
        46          0          0          0          0          0   wm__isancestor.o
        34          0          0          0          0          0   wm__ischild.o
        60          6          0          4          0          0   wm__sendmessage.o
        38          0          0          0          0          0   wm__sendmessagenopara.o
       226          0          0          0          0          0   wm__updatechildpositions.o
       126          0          0          0          0          0   wm_bringtobottom.o
       120          6          0          0          0          0   wm_bringtotop.o
        16          6          0          0          0          0   wm_criticalhandle.o
         4          0          0          0          0          0   wm_foreachdesc.o
        64         10          0          0          0          0   wm_getclientrect.o
        22          0          0          0          0          0   wm_getclientwindow.o
        24         10          0          0          0          0   wm_getdesktopwindow.o
        80          0          0          0          0          0   wm_getdialogitem.o
        14          0          0          0          0          0   wm_getfirstchild.o
        20          8          0          0          0          0   wm_getfocussedwindow.o
        26          0          0          0          0          0   wm_getid.o
        14          0          0          0          0          0   wm_getnextsibling.o
        22          0          0          0          0          0   wm_getorg.o
        14          0          0          0          0          0   wm_getparent.o
        26          0          0          0          0          0   wm_getwindowrect.o
       106          0          0          0          0          0   wm_getwindowsize.o
        32         10          0          0          0          0   wm_hascaptured.o
        32         10          0          0          0          0   wm_hasfocus.o
        48          0          0          0          0          0   wm_isfocussable.o
         4          0          0          0          0          0   wm_iswindow.o
        22          0          0          0          0          0   wm_memdev.o
       268          0          0          0          0          0   wm_move.o
        82          0          0          0          0          0   wm_movechildto.o
        28         10          0          0          0          0   wm_multibuf.o
        16          0          0          0          0          0   wm_notifyparent.o
        56          8          0          0          0          0   wm_onkey.o
       236          0          0          0          0          0   wm_resizewindow.o
         4          0          0          0          0          0   wm_sendmessagenopara.o
        30          0          0          0          0          0   wm_sendtoparent.o
        96         20          0          0          0          0   wm_setcapture.o
       174          4          0          4          0          0   wm_setcapturemove.o
       156          8          0          0          0          0   wm_setfocus.o
       146          6          0          0          0          0   wm_setfocusonnextchild.o
        90          0          0          0          0          0   wm_setfocusonprevchild.o
        62          0          0          0          0          0   wm_setsize.o
        64          6          0          0          0          0   wm_settrans.o
        24          6          0          0          0          0   wm_setusercliprect.o
        78          0          0          0          0          0   wm_show.o
       106          0          0          0          0          0   wm_timer.o
         0          0          0          0         72          0   wm_touch.o
        44          4          0          0          0          0   wm_validatewindow.o
        86          0          0          0          0          0   __dczerorl2.o
         0          0          0          0          0          0   entry.o
         0          0          0          0          0          0   entry10a.o
         0          0          0          0          0          0   entry11a.o
         8          4          0          0          0          0   entry2.o
         4          0          0          0          0          0   entry5.o
         0          0          0          0          0          0   entry7b.o
         0          0          0          0          0          0   entry8b.o
         8          4          0          0          0          0   entry9a.o
        30          0          0          0          0          0   handlers.o
        36          8          0          0          0          0   init.o
        30          0          0          0          0          0   llshl.o
        32          0          0          0          0          0   llushr.o
        64          0          0          0          0          0   memmovea.o
        36          0          0          0          0          0   memseta.o
        18          0          0          0          0          0   strcpy.o
       104          0          0          0          0          0   uldiv.o

    ----------------------------------------------------------------------
     42744       1794      13756        680        500          0   Library Totals
       164          0          5          7          0          0   (incl. Padding)

    ----------------------------------------------------------------------

      Code (inc. data)   RO Data    RW Data    ZI Data      Debug   Library Name

     42124       1778      13751        673        500          0   STemWin532_CM4_Keil.lib
       456         16          0          0          0          0   mc_w.l

    ----------------------------------------------------------------------
     42744       1794      13756        680        500          0   Library Totals

    ----------------------------------------------------------------------

==============================================================================


      Code (inc. data)   RO Data    RW Data    ZI Data      Debug   

     52892       2318      14332        704      22352          0   Grand Totals
     52892       2318      14332        228      22352          0   ELF Image Totals (compressed)
     52892       2318      14332        228          0          0   ROM Totals

==============================================================================

    Total RO  Size (Code + RO Data)                67224 (  65.65kB)
    Total RW  Size (RW Data + ZI Data)             23056 (  22.52kB)
    Total ROM Size (Code + RO Data + RW Data)      67452 (  65.87kB)

==============================================================================

