<html>
<body>
<pre>
<h1>礦ision Build Log</h1>
<h2>Tool Versions:</h2>
IDE-Version: μVision V5.26.2.0
Copyright (C) 2018 ARM Ltd and ARM Germany GmbH. All rights reserved.
License Information: yang Yang, sred, LIC=D0D7S-LTNF6-GKBBG-VIMB3-A0NQ8-G1NFE
 
Tool Versions:
Toolchain:       MDK-ARM Plus  Version: 5.26.2.0
Toolchain Path:  C:\Keil_v5\ARM\ARMCC\Bin
C Compiler:      Armcc.exe V5.06 update 6 (build 750)
Assembler:       Armasm.exe V5.06 update 6 (build 750)
Linker/Locator:  ArmLink.exe V5.06 update 6 (build 750)
Library Manager: ArmAr.exe V5.06 update 6 (build 750)
Hex Converter:   FromElf.exe V5.06 update 6 (build 750)
CPU DLL:         SARMCM3.DLL V5.26.2.0
Dialog DLL:      DCM.DLL V1.17.2.0
Target DLL:      STLink\ST-LINKIII-KEIL_SWO.dll V3.0.5.0
Dialog DLL:      TCM.DLL V1.36.1.0
 
<h2>Project:</h2>
C:\Users\Yang\Desktop\GUI\06.进度条控件\MDK-ARM\STemwin_for_BearPi.uvprojx
Project File Date:  01/28/2021

<h2>Output:</h2>
*** Using Compiler 'V5.06 update 6 (build 750)', folder: 'C:\Keil_v5\ARM\ARMCC\Bin'
Build target 'STM32L431RC_BearPiLCD'
compiling ProcessbarDLG.c...
..\EMWIN\STemWinLibrary532\Software\ProcessbarDLG.c(79): warning:  #177-D: variable "init_flag"  was declared but never referenced
      static U8 init_flag = 0 ;
..\EMWIN\STemWinLibrary532\Software\ProcessbarDLG.c(80): warning:  #177-D: variable "progbar_value"  was declared but never referenced
      static U16 progbar_value = 0;
..\EMWIN\STemWinLibrary532\Software\ProcessbarDLG.c(132): warning:  #177-D: variable "hWin"  was declared but never referenced
      WM_HWIN hWin;
..\EMWIN\STemWinLibrary532\Software\ProcessbarDLG.c: 3 warnings, 0 errors
linking...
Program Size: Code=52892 RO-data=14332 RW-data=704 ZI-data=22352  
FromELF: creating hex file...
".\STemwin_for_BearPi\STemwin_for_BearPi.axf" - 0 Error(s), 3 Warning(s).

<h2>Software Packages used:</h2>

Package Vendor: ARM
                http://www.keil.com/pack/ARM.CMSIS.5.4.0.pack
                ARM.CMSIS.5.4.0
                CMSIS (Cortex Microcontroller Software Interface Standard)
   * Component: CORE Version: 5.1.2

Package Vendor: Keil
                http://www.keil.com/pack/Keil.STM32L4xx_DFP.2.1.0.pack
                Keil.STM32L4xx_DFP.2.1.0
                STMicroelectronics STM32L4 Series Device Support, Drivers and Examples

<h2>Collection of Component include folders:</h2>
  .\RTE\_STM32L431RC_BearPiLCD
  C:\Keil_v5\ARM\PACK\ARM\CMSIS\5.4.0\CMSIS\Core\Include
  C:\Keil_v5\ARM\PACK\Keil\STM32L4xx_DFP\2.1.0\Drivers\CMSIS\Device\ST\STM32L4xx\Include

<h2>Collection of Component Files used:</h2>

   * Component: ARM::CMSIS:CORE:5.1.2
Build Time Elapsed:  00:00:01
</pre>
</body>
</html>
